Archive member included to satisfy reference by file (symbol)

/Applications/STM32CubeIDE.app/Contents/Eclipse/plugins/com.st.stm32cube.ide.mcu.externaltools.gnu-tools-for-stm32.13.3.rel1.macos64_1.0.0.202411102158/tools/bin/../lib/gcc/arm-none-eabi/13.3.1/../../../../arm-none-eabi/lib/thumb/v7e-m+fp/hard/libc_nano.a(libc_a-exit.o)
                              /Applications/STM32CubeIDE.app/Contents/Eclipse/plugins/com.st.stm32cube.ide.mcu.externaltools.gnu-tools-for-stm32.13.3.rel1.macos64_1.0.0.202411102158/tools/bin/../lib/gcc/arm-none-eabi/13.3.1/../../../../arm-none-eabi/lib/thumb/v7e-m+fp/hard/crt0.o (exit)
/Applications/STM32CubeIDE.app/Contents/Eclipse/plugins/com.st.stm32cube.ide.mcu.externaltools.gnu-tools-for-stm32.13.3.rel1.macos64_1.0.0.202411102158/tools/bin/../lib/gcc/arm-none-eabi/13.3.1/../../../../arm-none-eabi/lib/thumb/v7e-m+fp/hard/libc_nano.a(libc_a-malloc.o)
                              ./Middlewares/ST/STM32_USB_Host_Library/Class/CDC/Src/usbh_cdc.o (malloc)
/Applications/STM32CubeIDE.app/Contents/Eclipse/plugins/com.st.stm32cube.ide.mcu.externaltools.gnu-tools-for-stm32.13.3.rel1.macos64_1.0.0.202411102158/tools/bin/../lib/gcc/arm-none-eabi/13.3.1/../../../../arm-none-eabi/lib/thumb/v7e-m+fp/hard/libc_nano.a(libc_a-mallocr.o)
                              /Applications/STM32CubeIDE.app/Contents/Eclipse/plugins/com.st.stm32cube.ide.mcu.externaltools.gnu-tools-for-stm32.13.3.rel1.macos64_1.0.0.202411102158/tools/bin/../lib/gcc/arm-none-eabi/13.3.1/../../../../arm-none-eabi/lib/thumb/v7e-m+fp/hard/libc_nano.a(libc_a-malloc.o) (_malloc_r)
/Applications/STM32CubeIDE.app/Contents/Eclipse/plugins/com.st.stm32cube.ide.mcu.externaltools.gnu-tools-for-stm32.13.3.rel1.macos64_1.0.0.202411102158/tools/bin/../lib/gcc/arm-none-eabi/13.3.1/../../../../arm-none-eabi/lib/thumb/v7e-m+fp/hard/libc_nano.a(libc_a-mlock.o)
                              /Applications/STM32CubeIDE.app/Contents/Eclipse/plugins/com.st.stm32cube.ide.mcu.externaltools.gnu-tools-for-stm32.13.3.rel1.macos64_1.0.0.202411102158/tools/bin/../lib/gcc/arm-none-eabi/13.3.1/../../../../arm-none-eabi/lib/thumb/v7e-m+fp/hard/libc_nano.a(libc_a-mallocr.o) (__malloc_lock)
/Applications/STM32CubeIDE.app/Contents/Eclipse/plugins/com.st.stm32cube.ide.mcu.externaltools.gnu-tools-for-stm32.13.3.rel1.macos64_1.0.0.202411102158/tools/bin/../lib/gcc/arm-none-eabi/13.3.1/../../../../arm-none-eabi/lib/thumb/v7e-m+fp/hard/libc_nano.a(libc_a-findfp.o)
                              /Applications/STM32CubeIDE.app/Contents/Eclipse/plugins/com.st.stm32cube.ide.mcu.externaltools.gnu-tools-for-stm32.13.3.rel1.macos64_1.0.0.202411102158/tools/bin/../lib/gcc/arm-none-eabi/13.3.1/../../../../arm-none-eabi/lib/thumb/v7e-m+fp/hard/libc_nano.a(libc_a-exit.o) (__stdio_exit_handler)
/Applications/STM32CubeIDE.app/Contents/Eclipse/plugins/com.st.stm32cube.ide.mcu.externaltools.gnu-tools-for-stm32.13.3.rel1.macos64_1.0.0.202411102158/tools/bin/../lib/gcc/arm-none-eabi/13.3.1/../../../../arm-none-eabi/lib/thumb/v7e-m+fp/hard/libc_nano.a(libc_a-fwalk.o)
                              /Applications/STM32CubeIDE.app/Contents/Eclipse/plugins/com.st.stm32cube.ide.mcu.externaltools.gnu-tools-for-stm32.13.3.rel1.macos64_1.0.0.202411102158/tools/bin/../lib/gcc/arm-none-eabi/13.3.1/../../../../arm-none-eabi/lib/thumb/v7e-m+fp/hard/libc_nano.a(libc_a-findfp.o) (_fwalk_sglue)
/Applications/STM32CubeIDE.app/Contents/Eclipse/plugins/com.st.stm32cube.ide.mcu.externaltools.gnu-tools-for-stm32.13.3.rel1.macos64_1.0.0.202411102158/tools/bin/../lib/gcc/arm-none-eabi/13.3.1/../../../../arm-none-eabi/lib/thumb/v7e-m+fp/hard/libc_nano.a(libc_a-memset.o)
                              /Applications/STM32CubeIDE.app/Contents/Eclipse/plugins/com.st.stm32cube.ide.mcu.externaltools.gnu-tools-for-stm32.13.3.rel1.macos64_1.0.0.202411102158/tools/bin/../lib/gcc/arm-none-eabi/13.3.1/../../../../arm-none-eabi/lib/thumb/v7e-m+fp/hard/crt0.o (memset)
/Applications/STM32CubeIDE.app/Contents/Eclipse/plugins/com.st.stm32cube.ide.mcu.externaltools.gnu-tools-for-stm32.13.3.rel1.macos64_1.0.0.202411102158/tools/bin/../lib/gcc/arm-none-eabi/13.3.1/../../../../arm-none-eabi/lib/thumb/v7e-m+fp/hard/libc_nano.a(libc_a-sbrkr.o)
                              /Applications/STM32CubeIDE.app/Contents/Eclipse/plugins/com.st.stm32cube.ide.mcu.externaltools.gnu-tools-for-stm32.13.3.rel1.macos64_1.0.0.202411102158/tools/bin/../lib/gcc/arm-none-eabi/13.3.1/../../../../arm-none-eabi/lib/thumb/v7e-m+fp/hard/libc_nano.a(libc_a-mallocr.o) (_sbrk_r)
/Applications/STM32CubeIDE.app/Contents/Eclipse/plugins/com.st.stm32cube.ide.mcu.externaltools.gnu-tools-for-stm32.13.3.rel1.macos64_1.0.0.202411102158/tools/bin/../lib/gcc/arm-none-eabi/13.3.1/../../../../arm-none-eabi/lib/thumb/v7e-m+fp/hard/libc_nano.a(libc_a-errno.o)
                              ./Core/Src/syscalls.o (__errno)
[...]
Memory Configuration

Name             Origin             Length             Attributes
CCMRAM           0x10000000         0x00010000         xrw
RAM              0x20000000         0x00020000         xrw
FLASH            0x08000000         0x00100000         xr
*default*        0x00000000         0xffffffff

Linker script and memory map

LOAD /Applications/STM32CubeIDE.app/Contents/Eclipse/plugins/com.st.stm32cube.ide.mcu.externaltools.gnu-tools-for-stm32.13.3.rel1.macos64_1.0.0.202411102158/tools/bin/../lib/gcc/arm-none-eabi/13.3.1/thumb/v7e-m+fp/hard/crti.o
LOAD /Applications/STM32CubeIDE.app/Contents/Eclipse/plugins/com.st.stm32cube.ide.mcu.externaltools.gnu-tools-for-stm32.13.3.rel1.macos64_1.0.0.202411102158/tools/bin/../lib/gcc/arm-none-eabi/13.3.1/thumb/v7e-m+fp/hard/crtbegin.o
LOAD /Applications/STM32CubeIDE.app/Contents/Eclipse/plugins/com.st.stm32cube.ide.mcu.externaltools.gnu-tools-for-stm32.13.3.rel1.macos64_1.0.0.202411102158/tools/bin/../lib/gcc/arm-none-eabi/13.3.1/../../../../arm-none-eabi/lib/thumb/v7e-m+fp/hard/crt0.o
LOAD ./Core/Src/dma.o
LOAD ./Core/Src/gpio.o
LOAD ./Core/Src/i2c.o
LOAD ./Core/Src/i2s.o
LOAD ./Core/Src/main.o
LOAD ./Core/Src/retarget.o
LOAD ./Core/Src/spi.o
LOAD ./Core/Src/stm32f4xx_hal_msp.o
LOAD ./Core/Src/stm32f4xx_it.o
LOAD ./Core/Src/syscalls.o
LOAD ./Core/Src/sysmem.o
LOAD ./Core/Src/system_stm32f4xx.o
LOAD ./Core/Src/usart.o
LOAD ./Core/Startup/startup_stm32f407vgtx.o
LOAD ./Drivers/BSP/Components/cs43l22/cs43l22.o
LOAD ./Drivers/BSP/Components/lis302dl/lis302dl.o
LOAD ./Drivers/BSP/Components/lis3dsh/lis3dsh.o
LOAD ./Drivers/BSP/STM32F4-Discovery/stm32f4_discovery.o
LOAD ./Drivers/BSP/STM32F4-Discovery/stm32f4_discovery_accelerometer.o
LOAD ./Drivers/BSP/STM32F4-Discovery/stm32f4_discovery_audio.o
LOAD ./Drivers/STM32F4xx_HAL_Driver/Src/stm32f4xx_hal.o
LOAD ./Drivers/STM32F4xx_HAL_Driver/Src/stm32f4xx_hal_cortex.o
LOAD ./Drivers/STM32F4xx_HAL_Driver/Src/stm32f4xx_hal_dma.o
LOAD ./Drivers/STM32F4xx_HAL_Driver/Src/stm32f4xx_hal_dma_ex.o
LOAD ./Drivers/STM32F4xx_HAL_Driver/Src/stm32f4xx_hal_exti.o
LOAD ./Drivers/STM32F4xx_HAL_Driver/Src/stm32f4xx_hal_flash.o
LOAD ./Drivers/STM32F4xx_HAL_Driver/Src/stm32f4xx_hal_flash_ex.o
LOAD ./Drivers/STM32F4xx_HAL_Driver/Src/stm32f4xx_hal_flash_ramfunc.o
LOAD ./Drivers/STM32F4xx_HAL_Driver/Src/stm32f4xx_hal_gpio.o
LOAD ./Drivers/STM32F4xx_HAL_Driver/Src/stm32f4xx_hal_hcd.o
LOAD ./Drivers/STM32F4xx_HAL_Driver/Src/stm32f4xx_hal_i2c.o
LOAD ./Drivers/STM32F4xx_HAL_Driver/Src/stm32f4xx_hal_i2c_ex.o
LOAD ./Drivers/STM32F4xx_HAL_Driver/Src/stm32f4xx_hal_i2s.o
LOAD ./Drivers/STM32F4xx_HAL_Driver/Src/stm32f4xx_hal_i2s_ex.o
LOAD ./Drivers/STM32F4xx_HAL_Driver/Src/stm32f4xx_hal_pwr.o
LOAD ./Drivers/STM32F4xx_HAL_Driver/Src/stm32f4xx_hal_pwr_ex.o
LOAD ./Drivers/STM32F4xx_HAL_Driver/Src/stm32f4xx_hal_rcc.o
LOAD ./Drivers/STM32F4xx_HAL_Driver/Src/stm32f4xx_hal_rcc_ex.o
LOAD ./Drivers/STM32F4xx_HAL_Driver/Src/stm32f4xx_hal_spi.o
LOAD ./Drivers/STM32F4xx_HAL_Driver/Src/stm32f4xx_hal_uart.o
LOAD ./Drivers/STM32F4xx_HAL_Driver/Src/stm32f4xx_ll_usb.o
LOAD ./Middlewares/ST/STM32_USB_Host_Library/Class/CDC/Src/usbh_cdc.o
LOAD ./Middlewares/ST/STM32_USB_Host_Library/Core/Src/usbh_core.o
LOAD ./Middlewares/ST/STM32_USB_Host_Library/Core/Src/usbh_ctlreq.o
LOAD ./Middlewares/ST/STM32_USB_Host_Library/Core/Src/usbh_ioreq.o
LOAD ./Middlewares/ST/STM32_USB_Host_Library/Core/Src/usbh_pipes.o
LOAD ./USB_HOST/App/usb_host.o
LOAD ./USB_HOST/Target/usbh_conf.o
LOAD ./USB_HOST/Target/usbh_platform.o
START GROUP
LOAD /Applications/STM32CubeIDE.app/Contents/Eclipse/plugins/com.st.stm32cube.ide.mcu.externaltools.gnu-tools-for-stm32.13.3.rel1.macos64_1.0.0.202411102158/tools/bin/../lib/gcc/arm-none-eabi/13.3.1/../../../../arm-none-eabi/lib/thumb/v7e-m+fp/hard/libc_nano.a
LOAD /Applications/STM32CubeIDE.app/Contents/Eclipse/plugins/com.st.stm32cube.ide.mcu.externaltools.gnu-tools-for-stm32.13.3.rel1.macos64_1.0.0.202411102158/tools/bin/../lib/gcc/arm-none-eabi/13.3.1/../../../../arm-none-eabi/lib/thumb/v7e-m+fp/hard/libm.a
END GROUP
START GROUP
LOAD /Applications/STM32CubeIDE.app/Contents/Eclipse/plugins/com.st.stm32cube.ide.mcu.externaltools.gnu-tools-for-stm32.13.3.rel1.macos64_1.0.0.202411102158/tools/bin/../lib/gcc/arm-none-eabi/13.3.1/thumb/v7e-m+fp/hard/libgcc.a
LOAD /Applications/STM32CubeIDE.app/Contents/Eclipse/plugins/com.st.stm32cube.ide.mcu.externaltools.gnu-tools-for-stm32.13.3.rel1.macos64_1.0.0.202411102158/tools/bin/../lib/gcc/arm-none-eabi/13.3.1/../../../../arm-none-eabi/lib/thumb/v7e-m+fp/hard/libc_nano.a
END GROUP
START GROUP
LOAD /Applications/STM32CubeIDE.app/Contents/Eclipse/plugins/com.st.stm32cube.ide.mcu.externaltools.gnu-tools-for-stm32.13.3.rel1.macos64_1.0.0.202411102158/tools/bin/../lib/gcc/arm-none-eabi/13.3.1/thumb/v7e-m+fp/hard/libgcc.a
LOAD /Applications/STM32CubeIDE.app/Contents/Eclipse/plugins/com.st.stm32cube.ide.mcu.externaltools.gnu-tools-for-stm32.13.3.rel1.macos64_1.0.0.202411102158/tools/bin/../lib/gcc/arm-none-eabi/13.3.1/../../../../arm-none-eabi/lib/thumb/v7e-m+fp/hard/libc_nano.a
LOAD /Applications/STM32CubeIDE.app/Contents/Eclipse/plugins/com.st.stm32cube.ide.mcu.externaltools.gnu-tools-for-stm32.13.3.rel1.macos64_1.0.0.202411102158/tools/bin/../lib/gcc/arm-none-eabi/13.3.1/../../../../arm-none-eabi/lib/thumb/v7e-m+fp/hard/libnosys.a
END GROUP
START GROUP
LOAD /Applications/STM32CubeIDE.app/Contents/Eclipse/plugins/com.st.stm32cube.ide.mcu.externaltools.gnu-tools-for-stm32.13.3.rel1.macos64_1.0.0.202411102158/tools/bin/../lib/gcc/arm-none-eabi/13.3.1/thumb/v7e-m+fp/hard/libgcc.a
LOAD /Applications/STM32CubeIDE.app/Contents/Eclipse/plugins/com.st.stm32cube.ide.mcu.externaltools.gnu-tools-for-stm32.13.3.rel1.macos64_1.0.0.202411102158/tools/bin/../lib/gcc/arm-none-eabi/13.3.1/../../../../arm-none-eabi/lib/thumb/v7e-m+fp/hard/libc_nano.a
LOAD /Applications/STM32CubeIDE.app/Contents/Eclipse/plugins/com.st.stm32cube.ide.mcu.externaltools.gnu-tools-for-stm32.13.3.rel1.macos64_1.0.0.202411102158/tools/bin/../lib/gcc/arm-none-eabi/13.3.1/../../../../arm-none-eabi/lib/thumb/v7e-m+fp/hard/libnosys.a
END GROUP
LOAD /Applications/STM32CubeIDE.app/Contents/Eclipse/plugins/com.st.stm32cube.ide.mcu.externaltools.gnu-tools-for-stm32.13.3.rel1.macos64_1.0.0.202411102158/tools/bin/../lib/gcc/arm-none-eabi/13.3.1/thumb/v7e-m+fp/hard/crtend.o
LOAD /Applications/STM32CubeIDE.app/Contents/Eclipse/plugins/com.st.stm32cube.ide.mcu.externaltools.gnu-tools-for-stm32.13.3.rel1.macos64_1.0.0.202411102158/tools/bin/../lib/gcc/arm-none-eabi/13.3.1/thumb/v7e-m+fp/hard/crtn.o
                0x20020000                        _estack = (ORIGIN (RAM) + LENGTH (RAM))
                0x00000200                        _Min_Heap_Size = 0x200
                0x00000400                        _Min_Stack_Size = 0x400

.isr_vector     0x08000000      0x188
                0x08000000                        . = ALIGN (0x4)
 *(.isr_vector)
 .isr_vector    0x08000000      0x188 ./Core/Startup/startup_stm32f407vgtx.o
                0x08000000                g_pfnVectors
                0x08000188                        . = ALIGN (0x4)

.text           0x08000188     0xadb4
                0x08000188                        . = ALIGN (0x4)
 *(.text)
 .text          0x08000188       0x40 /Applications/STM32CubeIDE.app/Contents/Eclipse/plugins/com.st.stm32cube.ide.mcu.externaltools.gnu-tools-for-stm32.13.3.rel1.macos64_1.0.0.202411102158/tools/bin/../lib/gcc/arm-none-eabi/13.3.1/thumb/v7e-m+fp/hard/crtbegin.o
 .text          0x080001c8       0x30 /Applications/STM32CubeIDE.app/Contents/Eclipse/plugins/com.st.stm32cube.ide.mcu.externaltools.gnu-tools-for-stm32.13.3.rel1.macos64_1.0.0.202411102158/tools/bin/../lib/gcc/arm-none-eabi/13.3.1/thumb/v7e-m+fp/hard/libgcc.a(_aeabi_uldivmod.o)
                0x080001c8                __aeabi_uldivmod
 .text          0x080001f8      0x2f8 /Applications/STM32CubeIDE.app/Contents/Eclipse/plugins/com.st.stm32cube.ide.mcu.externaltools.gnu-tools-for-stm32.13.3.rel1.macos64_1.0.0.202411102158/tools/bin/../lib/gcc/arm-none-eabi/13.3.1/thumb/v7e-m+fp/hard/libgcc.a(_udivmoddi4.o)
                0x080001f8                __udivmoddi4
 .text          0x080004f0        0x4 /Applications/STM32CubeIDE.app/Contents/Eclipse/plugins/com.st.stm32cube.ide.mcu.externaltools.gnu-tools-for-stm32.13.3.rel1.macos64_1.0.0.202411102158/tools/bin/../lib/gcc/arm-none-eabi/13.3.1/thumb/v7e-m+fp/hard/libgcc.a(_dvmd_tls.o)
                0x080004f0                __aeabi_ldiv0
                0x080004f0                __aeabi_idiv0
 *(.text*)
 .text.MX_DMA_Init
                0x080004f4       0x50 ./Core/Src/dma.o
                0x080004f4                MX_DMA_Init
 .text.MX_GPIO_Init
                0x08000544      0x214 ./Core/Src/gpio.o
                0x08000544                MX_GPIO_Init
 .text.MX_I2C3_Init
                0x08000758       0x5c ./Core/Src/i2c.o
                0x08000758                MX_I2C3_Init
 .text.HAL_I2C_MspInit
                0x080007b4       0xd4 ./Core/Src/i2c.o
                0x080007b4                HAL_I2C_MspInit
 .text.MX_I2S2_Init
                0x08000888       0x5c ./Core/Src/i2s.o
                0x08000888                MX_I2S2_Init
 .text.HAL_I2S_MspInit
                0x080008e4      0x208 ./Core/Src/i2s.o
                0x080008e4                HAL_I2S_MspInit
 .text.HAL_I2SEx_TxRxHalfCpltCallback
                0x08000aec       0x20 ./Core/Src/main.o
                0x08000aec                HAL_I2SEx_TxRxHalfCpltCallback
 .text.HAL_I2SEx_TxRxCpltCallback
                0x08000b0c       0x20 ./Core/Src/main.o
                0x08000b0c                HAL_I2SEx_TxRxCpltCallback
 .text.main     0x08000b2c      0x1f8 ./Core/Src/main.o
                0x08000b2c                main
 .text.SystemClock_Config
                0x08000d24       0xd4 ./Core/Src/main.o
                0x08000d24                SystemClock_Config
 .text.Error_Handler
                0x08000df8        0xc ./Core/Src/main.o
                0x08000df8                Error_Handler
 .text.MX_SPI1_Init
                0x08000e04       0x6c ./Core/Src/spi.o
                0x08000e04                MX_SPI1_Init
 .text.HAL_SPI_MspInit
                0x08000e70       0x90 ./Core/Src/spi.o
                0x08000e70                HAL_SPI_MspInit
 .text.HAL_MspInit
                0x08000f00       0x50 ./Core/Src/stm32f4xx_hal_msp.o
                0x08000f00                HAL_MspInit
 .text.NMI_Handler
                0x08000f50        0x8 ./Core/Src/stm32f4xx_it.o
                0x08000f50                NMI_Handler
 .text.HardFault_Handler
                0x08000f58        0x8 ./Core/Src/stm32f4xx_it.o
                0x08000f58                HardFault_Handler
 .text.MemManage_Handler
                0x08000f60        0x8 ./Core/Src/stm32f4xx_it.o
                0x08000f60                MemManage_Handler
 .text.BusFault_Handler
                0x08000f68        0x8 ./Core/Src/stm32f4xx_it.o
                0x08000f68                BusFault_Handler
 .text.UsageFault_Handler
                0x08000f70        0x8 ./Core/Src/stm32f4xx_it.o
                0x08000f70                UsageFault_Handler
 .text.SVC_Handler
                0x08000f78        0xe ./Core/Src/stm32f4xx_it.o
                0x08000f78                SVC_Handler
 .text.DebugMon_Handler
                0x08000f86        0xe ./Core/Src/stm32f4xx_it.o
                0x08000f86                DebugMon_Handler
 .text.PendSV_Handler
                0x08000f94        0xe ./Core/Src/stm32f4xx_it.o
                0x08000f94                PendSV_Handler
 .text.SysTick_Handler
                0x08000fa2        0xc ./Core/Src/stm32f4xx_it.o
                0x08000fa2                SysTick_Handler
 *fill*         0x08000fae        0x2 
 .text.DMA1_Stream3_IRQHandler
                0x08000fb0       0x14 ./Core/Src/stm32f4xx_it.o
                0x08000fb0                DMA1_Stream3_IRQHandler
 .text.DMA1_Stream4_IRQHandler
                0x08000fc4       0x14 ./Core/Src/stm32f4xx_it.o
                0x08000fc4                DMA1_Stream4_IRQHandler
 .text.SPI2_IRQHandler
                0x08000fd8       0x14 ./Core/Src/stm32f4xx_it.o
                0x08000fd8                SPI2_IRQHandler
 .text.OTG_FS_IRQHandler
                0x08000fec       0x14 ./Core/Src/stm32f4xx_it.o
                0x08000fec                OTG_FS_IRQHandler
 .text._sbrk    0x08001000       0x6c ./Core/Src/sysmem.o
                0x08001000                _sbrk
 .text.SystemInit
                0x0800106c       0x24 ./Core/Src/system_stm32f4xx.o
                0x0800106c                SystemInit
 .text.MX_USART3_UART_Init
                0x08001090       0x54 ./Core/Src/usart.o
                0x08001090                MX_USART3_UART_Init
 .text.HAL_UART_MspInit
                0x080010e4       0xd4 ./Core/Src/usart.o
                0x080010e4                HAL_UART_MspInit
 .text.Reset_Handler
                0x080011b8       0x50 ./Core/Startup/startup_stm32f407vgtx.o
                0x080011b8                Reset_Handler
 .text.Default_Handler
                0x08001208        0x2 ./Core/Startup/startup_stm32f407vgtx.o
                0x08001208                DMA2_Stream6_IRQHandler
                0x08001208                HASH_RNG_IRQHandler
                0x08001208                EXTI2_IRQHandler
                0x08001208                TIM8_CC_IRQHandler
                0x08001208                TIM1_CC_IRQHandler
                0x08001208                DMA2_Stream5_IRQHandler
                0x08001208                DMA1_Stream5_IRQHandler
                0x08001208                PVD_IRQHandler
                0x08001208                SDIO_IRQHandler
                0x08001208                TAMP_STAMP_IRQHandler
                0x08001208                CAN2_RX1_IRQHandler
                0x08001208                EXTI3_IRQHandler
                0x08001208                TIM8_TRG_COM_TIM14_IRQHandler
                0x08001208                TIM1_UP_TIM10_IRQHandler
                0x08001208                TIM8_UP_TIM13_IRQHandler
                0x08001208                I2C3_ER_IRQHandler
                0x08001208                EXTI0_IRQHandler
                0x08001208                I2C2_EV_IRQHandler
                0x08001208                DMA1_Stream2_IRQHandler
                0x08001208                CAN1_RX0_IRQHandler
                0x08001208                FPU_IRQHandler
                0x08001208                OTG_HS_WKUP_IRQHandler
                0x08001208                CAN2_SCE_IRQHandler
                0x08001208                DMA2_Stream2_IRQHandler
                0x08001208                SPI1_IRQHandler
                0x08001208                TIM6_DAC_IRQHandler
                0x08001208                TIM1_BRK_TIM9_IRQHandler
                0x08001208                DCMI_IRQHandler
                0x08001208                CAN2_RX0_IRQHandler
                0x08001208                DMA2_Stream3_IRQHandler
                0x08001208                USART6_IRQHandler
                0x08001208                USART3_IRQHandler
                0x08001208                CAN1_RX1_IRQHandler
                0x08001208                UART5_IRQHandler
                0x08001208                DMA2_Stream0_IRQHandler
                0x08001208                TIM4_IRQHandler
                0x08001208                I2C1_EV_IRQHandler
                0x08001208                DMA1_Stream6_IRQHandler
                0x08001208                DMA1_Stream1_IRQHandler
                0x08001208                UART4_IRQHandler
                0x08001208                TIM3_IRQHandler
                0x08001208                RCC_IRQHandler
                0x08001208                TIM8_BRK_TIM12_IRQHandler
                0x08001208                Default_Handler
                0x08001208                EXTI15_10_IRQHandler
                0x08001208                ADC_IRQHandler
                0x08001208                DMA1_Stream7_IRQHandler
                0x08001208                TIM7_IRQHandler
                0x08001208                CAN2_TX_IRQHandler
                0x08001208                TIM5_IRQHandler
                0x08001208                DMA2_Stream7_IRQHandler
                0x08001208                I2C3_EV_IRQHandler
                0x08001208                EXTI9_5_IRQHandler
                0x08001208                RTC_WKUP_IRQHandler
                0x08001208                ETH_WKUP_IRQHandler
                0x08001208                OTG_HS_EP1_IN_IRQHandler
                0x08001208                DMA1_Stream0_IRQHandler
                0x08001208                CAN1_TX_IRQHandler
                0x08001208                EXTI4_IRQHandler
                0x08001208                FSMC_IRQHandler
                0x08001208                ETH_IRQHandler
                0x08001208                OTG_HS_EP1_OUT_IRQHandler
                0x08001208                WWDG_IRQHandler
                0x08001208                TIM2_IRQHandler
                0x08001208                OTG_FS_WKUP_IRQHandler
                0x08001208                TIM1_TRG_COM_TIM11_IRQHandler
                0x08001208                OTG_HS_IRQHandler
                0x08001208                EXTI1_IRQHandler
                0x08001208                USART2_IRQHandler
                0x08001208                I2C2_ER_IRQHandler
                0x08001208                DMA2_Stream1_IRQHandler
                0x08001208                CAN1_SCE_IRQHandler
                0x08001208                FLASH_IRQHandler
                0x08001208                DMA2_Stream4_IRQHandler
                0x08001208                USART1_IRQHandler
                0x08001208                SPI3_IRQHandler
                0x08001208                I2C1_ER_IRQHandler
                0x08001208                RTC_Alarm_IRQHandler
 .text.BSP_AUDIO_OUT_Error_CallBack
                0x0800120a        0xe ./Drivers/BSP/STM32F4-Discovery/stm32f4_discovery_audio.o
                0x0800120a                BSP_AUDIO_OUT_Error_CallBack
 .text.HAL_I2S_RxCpltCallback
                0x08001218       0x14 ./Drivers/BSP/STM32F4-Discovery/stm32f4_discovery_audio.o
                0x08001218                HAL_I2S_RxCpltCallback
 .text.BSP_AUDIO_IN_TransferComplete_CallBack
                0x0800122c        0xe ./Drivers/BSP/STM32F4-Discovery/stm32f4_discovery_audio.o
                0x0800122c                BSP_AUDIO_IN_TransferComplete_CallBack
 .text.BSP_AUDIO_IN_Error_Callback
                0x0800123a        0xe ./Drivers/BSP/STM32F4-Discovery/stm32f4_discovery_audio.o
                0x0800123a                BSP_AUDIO_IN_Error_Callback
 .text.HAL_I2S_ErrorCallback
                0x08001248       0x34 ./Drivers/BSP/STM32F4-Discovery/stm32f4_discovery_audio.o
                0x08001248                HAL_I2S_ErrorCallback
 .text.HAL_Init
                0x0800127c       0x44 ./Drivers/STM32F4xx_HAL_Driver/Src/stm32f4xx_hal.o
                0x0800127c                HAL_Init
 .text.HAL_InitTick
                0x080012c0       0x60 ./Drivers/STM32F4xx_HAL_Driver/Src/stm32f4xx_hal.o
                0x080012c0                HAL_InitTick
 .text.HAL_IncTick
                0x08001320       0x28 ./Drivers/STM32F4xx_HAL_Driver/Src/stm32f4xx_hal.o
                0x08001320                HAL_IncTick
 .text.HAL_GetTick
                0x08001348       0x18 ./Drivers/STM32F4xx_HAL_Driver/Src/stm32f4xx_hal.o
                0x08001348                HAL_GetTick
 .text.HAL_Delay
                0x08001360       0x48 ./Drivers/STM32F4xx_HAL_Driver/Src/stm32f4xx_hal.o
                0x08001360                HAL_Delay
 .text.__NVIC_SetPriorityGrouping
                0x080013a8       0x48 ./Drivers/STM32F4xx_HAL_Driver/Src/stm32f4xx_hal_cortex.o
 .text.__NVIC_GetPriorityGrouping
                0x080013f0       0x1c ./Drivers/STM32F4xx_HAL_Driver/Src/stm32f4xx_hal_cortex.o
 .text.__NVIC_EnableIRQ
                0x0800140c       0x3c ./Drivers/STM32F4xx_HAL_Driver/Src/stm32f4xx_hal_cortex.o
 .text.__NVIC_SetPriority
                0x08001448       0x54 ./Drivers/STM32F4xx_HAL_Driver/Src/stm32f4xx_hal_cortex.o
 .text.NVIC_EncodePriority
                0x0800149c       0x66 ./Drivers/STM32F4xx_HAL_Driver/Src/stm32f4xx_hal_cortex.o
 *fill*         0x08001502        0x2 
 .text.SysTick_Config
                0x08001504       0x44 ./Drivers/STM32F4xx_HAL_Driver/Src/stm32f4xx_hal_cortex.o
 .text.HAL_NVIC_SetPriorityGrouping
                0x08001548       0x16 ./Drivers/STM32F4xx_HAL_Driver/Src/stm32f4xx_hal_cortex.o
                0x08001548                HAL_NVIC_SetPriorityGrouping
 .text.HAL_NVIC_SetPriority
                0x0800155e       0x38 ./Drivers/STM32F4xx_HAL_Driver/Src/stm32f4xx_hal_cortex.o
                0x0800155e                HAL_NVIC_SetPriority
 .text.HAL_NVIC_EnableIRQ
                0x08001596       0x1c ./Drivers/STM32F4xx_HAL_Driver/Src/stm32f4xx_hal_cortex.o
                0x08001596                HAL_NVIC_EnableIRQ
 .text.HAL_SYSTICK_Config
                0x080015b2       0x18 ./Drivers/STM32F4xx_HAL_Driver/Src/stm32f4xx_hal_cortex.o
                0x080015b2                HAL_SYSTICK_Config
 *fill*         0x080015ca        0x2 
 .text.HAL_DMA_Init
                0x080015cc      0x15c ./Drivers/STM32F4xx_HAL_Driver/Src/stm32f4xx_hal_dma.o
                0x080015cc                HAL_DMA_Init
 .text.HAL_DMA_Start_IT
                0x08001728       0xb0 ./Drivers/STM32F4xx_HAL_Driver/Src/stm32f4xx_hal_dma.o
                0x08001728                HAL_DMA_Start_IT
 .text.HAL_DMA_IRQHandler
                0x080017d8      0x314 ./Drivers/STM32F4xx_HAL_Driver/Src/stm32f4xx_hal_dma.o
                0x080017d8                HAL_DMA_IRQHandler
 .text.DMA_SetConfig
                0x08001aec       0x5c ./Drivers/STM32F4xx_HAL_Driver/Src/stm32f4xx_hal_dma.o
 .text.DMA_CalcBaseAndBitshift
                0x08001b48       0x6c ./Drivers/STM32F4xx_HAL_Driver/Src/stm32f4xx_hal_dma.o
 .text.DMA_CheckFifoParam
                0x08001bb4       0xf8 ./Drivers/STM32F4xx_HAL_Driver/Src/stm32f4xx_hal_dma.o
 .text.HAL_GPIO_Init
                0x08001cac      0x338 ./Drivers/STM32F4xx_HAL_Driver/Src/stm32f4xx_hal_gpio.o
                0x08001cac                HAL_GPIO_Init
 .text.HAL_GPIO_WritePin
                0x08001fe4       0x32 ./Drivers/STM32F4xx_HAL_Driver/Src/stm32f4xx_hal_gpio.o
                0x08001fe4                HAL_GPIO_WritePin
 .text.HAL_HCD_Init
                0x08002016       0xce ./Drivers/STM32F4xx_HAL_Driver/Src/stm32f4xx_hal_hcd.o
                0x08002016                HAL_HCD_Init
 .text.HAL_HCD_HC_Init
                0x080020e4      0x170 ./Drivers/STM32F4xx_HAL_Driver/Src/stm32f4xx_hal_hcd.o
                0x080020e4                HAL_HCD_HC_Init
 .text.HAL_HCD_HC_Halt
                0x08002254       0x46 ./Drivers/STM32F4xx_HAL_Driver/Src/stm32f4xx_hal_hcd.o
                0x08002254                HAL_HCD_HC_Halt
 *fill*         0x0800229a        0x2 
 .text.HAL_HCD_HC_SubmitRequest
                0x0800229c      0x33c ./Drivers/STM32F4xx_HAL_Driver/Src/stm32f4xx_hal_hcd.o
                0x0800229c                HAL_HCD_HC_SubmitRequest
 .text.HAL_HCD_IRQHandler
                0x080025d8      0x220 ./Drivers/STM32F4xx_HAL_Driver/Src/stm32f4xx_hal_hcd.o
                0x080025d8                HAL_HCD_IRQHandler
 .text.HAL_HCD_Start
                0x080027f8       0x46 ./Drivers/STM32F4xx_HAL_Driver/Src/stm32f4xx_hal_hcd.o
                0x080027f8                HAL_HCD_Start
 .text.HAL_HCD_Stop
                0x0800283e       0x3a ./Drivers/STM32F4xx_HAL_Driver/Src/stm32f4xx_hal_hcd.o
                0x0800283e                HAL_HCD_Stop
 .text.HAL_HCD_ResetPort
                0x08002878       0x1c ./Drivers/STM32F4xx_HAL_Driver/Src/stm32f4xx_hal_hcd.o
                0x08002878                HAL_HCD_ResetPort
 .text.HAL_HCD_HC_GetURBState
                0x08002894       0x2a ./Drivers/STM32F4xx_HAL_Driver/Src/stm32f4xx_hal_hcd.o
                0x08002894                HAL_HCD_HC_GetURBState
 .text.HAL_HCD_HC_GetXferCount
                0x080028be       0x2a ./Drivers/STM32F4xx_HAL_Driver/Src/stm32f4xx_hal_hcd.o
                0x080028be                HAL_HCD_HC_GetXferCount
 .text.HAL_HCD_GetCurrentFrame
                0x080028e8       0x1c ./Drivers/STM32F4xx_HAL_Driver/Src/stm32f4xx_hal_hcd.o
                0x080028e8                HAL_HCD_GetCurrentFrame
 .text.HAL_HCD_GetCurrentSpeed
                0x08002904       0x1c ./Drivers/STM32F4xx_HAL_Driver/Src/stm32f4xx_hal_hcd.o
                0x08002904                HAL_HCD_GetCurrentSpeed
 .text.HAL_HCD_HC_ClearHubInfo
                0x08002920       0x6a ./Drivers/STM32F4xx_HAL_Driver/Src/stm32f4xx_hal_hcd.o
                0x08002920                HAL_HCD_HC_ClearHubInfo
 .text.HCD_HC_IN_IRQHandler
                0x0800298a      0xcd2 ./Drivers/STM32F4xx_HAL_Driver/Src/stm32f4xx_hal_hcd.o
 .text.HCD_HC_OUT_IRQHandler
                0x0800365c      0x97e ./Drivers/STM32F4xx_HAL_Driver/Src/stm32f4xx_hal_hcd.o
 .text.HCD_RXQLVL_IRQHandler
                0x08003fda      0x1be ./Drivers/STM32F4xx_HAL_Driver/Src/stm32f4xx_hal_hcd.o
 .text.HCD_Port_IRQHandler
                0x08004198       0xe6 ./Drivers/STM32F4xx_HAL_Driver/Src/stm32f4xx_hal_hcd.o
 *fill*         0x0800427e        0x2 
 .text.HAL_I2C_Init
                0x08004280      0x288 ./Drivers/STM32F4xx_HAL_Driver/Src/stm32f4xx_hal_i2c.o
                0x08004280                HAL_I2C_Init
 .text.HAL_I2C_Mem_Write
                0x08004508      0x1f4 ./Drivers/STM32F4xx_HAL_Driver/Src/stm32f4xx_hal_i2c.o
                0x08004508                HAL_I2C_Mem_Write
 .text.HAL_I2C_Mem_Read
                0x080046fc      0x464 ./Drivers/STM32F4xx_HAL_Driver/Src/stm32f4xx_hal_i2c.o
                0x080046fc                HAL_I2C_Mem_Read
 .text.I2C_RequestMemoryWrite
                0x08004b60      0x12c ./Drivers/STM32F4xx_HAL_Driver/Src/stm32f4xx_hal_i2c.o
 .text.I2C_RequestMemoryRead
                0x08004c8c      0x1d0 ./Drivers/STM32F4xx_HAL_Driver/Src/stm32f4xx_hal_i2c.o
 .text.I2C_WaitOnFlagUntilTimeout
                0x08004e5c       0xf4 ./Drivers/STM32F4xx_HAL_Driver/Src/stm32f4xx_hal_i2c.o
 .text.I2C_WaitOnMasterAddressFlagUntilTimeout
                0x08004f50      0x140 ./Drivers/STM32F4xx_HAL_Driver/Src/stm32f4xx_hal_i2c.o
 .text.I2C_WaitOnTXEFlagUntilTimeout
                0x08005090       0x90 ./Drivers/STM32F4xx_HAL_Driver/Src/stm32f4xx_hal_i2c.o
 .text.I2C_WaitOnBTFFlagUntilTimeout
                0x08005120       0x90 ./Drivers/STM32F4xx_HAL_Driver/Src/stm32f4xx_hal_i2c.o
 .text.I2C_WaitOnRXNEFlagUntilTimeout
                0x080051b0       0xba ./Drivers/STM32F4xx_HAL_Driver/Src/stm32f4xx_hal_i2c.o
 .text.I2C_IsAcknowledgeFailed
                0x0800526a       0x5e ./Drivers/STM32F4xx_HAL_Driver/Src/stm32f4xx_hal_i2c.o
 .text.HAL_I2S_Init
                0x080052c8      0x280 ./Drivers/STM32F4xx_HAL_Driver/Src/stm32f4xx_hal_i2s.o
                0x080052c8                HAL_I2S_Init
 .text.HAL_I2S_IRQHandler
                0x08005548       0x18 ./Drivers/STM32F4xx_HAL_Driver/Src/stm32f4xx_hal_i2s.o
                0x08005548                HAL_I2S_IRQHandler
 .text.HAL_I2S_TxCpltCallback
                0x08005560       0x14 ./Drivers/STM32F4xx_HAL_Driver/Src/stm32f4xx_hal_i2s.o
                0x08005560                HAL_I2S_TxCpltCallback
 .text.I2S_Transmit_IT
                0x08005574       0x5c ./Drivers/STM32F4xx_HAL_Driver/Src/stm32f4xx_hal_i2s.o
 .text.I2S_Receive_IT
                0x080055d0       0x5e ./Drivers/STM32F4xx_HAL_Driver/Src/stm32f4xx_hal_i2s.o
 .text.I2S_IRQHandler
                0x0800562e      0x114 ./Drivers/STM32F4xx_HAL_Driver/Src/stm32f4xx_hal_i2s.o
 *fill*         0x08005742        0x2 
 .text.HAL_I2SEx_TransmitReceive_DMA
                0x08005744      0x2bc ./Drivers/STM32F4xx_HAL_Driver/Src/stm32f4xx_hal_i2s_ex.o
                0x08005744                HAL_I2SEx_TransmitReceive_DMA
 .text.HAL_I2SEx_FullDuplex_IRQHandler
                0x08005a00      0x2a8 ./Drivers/STM32F4xx_HAL_Driver/Src/stm32f4xx_hal_i2s_ex.o
                0x08005a00                HAL_I2SEx_FullDuplex_IRQHandler
 .text.I2SEx_TxRxDMAHalfCplt
                0x08005ca8       0x1c ./Drivers/STM32F4xx_HAL_Driver/Src/stm32f4xx_hal_i2s_ex.o
 .text.I2SEx_TxRxDMACplt
                0x08005cc4       0xd8 ./Drivers/STM32F4xx_HAL_Driver/Src/stm32f4xx_hal_i2s_ex.o
 .text.I2SEx_TxRxDMAError
                0x08005d9c       0x80 ./Drivers/STM32F4xx_HAL_Driver/Src/stm32f4xx_hal_i2s_ex.o
 .text.I2SEx_TxISR_I2S
                0x08005e1c       0x62 ./Drivers/STM32F4xx_HAL_Driver/Src/stm32f4xx_hal_i2s_ex.o
 *fill*         0x08005e7e        0x2 
 .text.I2SEx_TxISR_I2SExt
                0x08005e80       0x98 ./Drivers/STM32F4xx_HAL_Driver/Src/stm32f4xx_hal_i2s_ex.o
 .text.I2SEx_RxISR_I2S
                0x08005f18       0x64 ./Drivers/STM32F4xx_HAL_Driver/Src/stm32f4xx_hal_i2s_ex.o
 .text.I2SEx_RxISR_I2SExt
                0x08005f7c       0x98 ./Drivers/STM32F4xx_HAL_Driver/Src/stm32f4xx_hal_i2s_ex.o
 .text.HAL_RCC_OscConfig
                0x08006014      0x4f0 ./Drivers/STM32F4xx_HAL_Driver/Src/stm32f4xx_hal_rcc.o
                0x08006014                HAL_RCC_OscConfig
 .text.HAL_RCC_ClockConfig
                0x08006504      0x1cc ./Drivers/STM32F4xx_HAL_Driver/Src/stm32f4xx_hal_rcc.o
                0x08006504                HAL_RCC_ClockConfig
 .text.HAL_RCC_GetSysClockFreq
                0x080066d0      0x208 ./Drivers/STM32F4xx_HAL_Driver/Src/stm32f4xx_hal_rcc.o
                0x080066d0                HAL_RCC_GetSysClockFreq
 .text.HAL_RCC_GetHCLKFreq
                0x080068d8       0x18 ./Drivers/STM32F4xx_HAL_Driver/Src/stm32f4xx_hal_rcc.o
                0x080068d8                HAL_RCC_GetHCLKFreq
 .text.HAL_RCC_GetPCLK1Freq
                0x080068f0       0x28 ./Drivers/STM32F4xx_HAL_Driver/Src/stm32f4xx_hal_rcc.o
                0x080068f0                HAL_RCC_GetPCLK1Freq
 .text.HAL_RCC_GetPCLK2Freq
                0x08006918       0x28 ./Drivers/STM32F4xx_HAL_Driver/Src/stm32f4xx_hal_rcc.o
                0x08006918                HAL_RCC_GetPCLK2Freq
 .text.HAL_RCCEx_PeriphCLKConfig
                0x08006940      0x1c4 ./Drivers/STM32F4xx_HAL_Driver/Src/stm32f4xx_hal_rcc_ex.o
                0x08006940                HAL_RCCEx_PeriphCLKConfig
 .text.HAL_RCCEx_GetPeriphCLKFreq
                0x08006b04       0xbc ./Drivers/STM32F4xx_HAL_Driver/Src/stm32f4xx_hal_rcc_ex.o
                0x08006b04                HAL_RCCEx_GetPeriphCLKFreq
 .text.HAL_SPI_Init
                0x08006bc0      0x112 ./Drivers/STM32F4xx_HAL_Driver/Src/stm32f4xx_hal_spi.o
                0x08006bc0                HAL_SPI_Init
 .text.HAL_UART_Init
                0x08006cd2       0xa0 ./Drivers/STM32F4xx_HAL_Driver/Src/stm32f4xx_hal_uart.o
                0x08006cd2                HAL_UART_Init
 *fill*         0x08006d72        0x2 
 .text.UART_SetConfig
                0x08006d74      0x4e8 ./Drivers/STM32F4xx_HAL_Driver/Src/stm32f4xx_hal_uart.o
 .text.USB_CoreInit
                0x0800725c       0xc8 ./Drivers/STM32F4xx_HAL_Driver/Src/stm32f4xx_ll_usb.o
                0x0800725c                USB_CoreInit
 .text.USB_EnableGlobalInt
                0x08007324       0x22 ./Drivers/STM32F4xx_HAL_Driver/Src/stm32f4xx_ll_usb.o
                0x08007324                USB_EnableGlobalInt
 .text.USB_DisableGlobalInt
                0x08007346       0x22 ./Drivers/STM32F4xx_HAL_Driver/Src/stm32f4xx_ll_usb.o
                0x08007346                USB_DisableGlobalInt
 .text.USB_SetCurrentMode
                0x08007368       0x98 ./Drivers/STM32F4xx_HAL_Driver/Src/stm32f4xx_ll_usb.o
                0x08007368                USB_SetCurrentMode
 .text.USB_FlushTxFifo
                0x08007400       0x64 ./Drivers/STM32F4xx_HAL_Driver/Src/stm32f4xx_ll_usb.o
                0x08007400                USB_FlushTxFifo
 .text.USB_FlushRxFifo
                0x08007464       0x5c ./Drivers/STM32F4xx_HAL_Driver/Src/stm32f4xx_ll_usb.o
                0x08007464                USB_FlushRxFifo
 .text.USB_WritePacket
                0x080074c0       0x7c ./Drivers/STM32F4xx_HAL_Driver/Src/stm32f4xx_ll_usb.o
                0x080074c0                USB_WritePacket
 .text.USB_ReadPacket
                0x0800753c       0xb0 ./Drivers/STM32F4xx_HAL_Driver/Src/stm32f4xx_ll_usb.o
                0x0800753c                USB_ReadPacket
 .text.USB_ReadInterrupts
                0x080075ec       0x26 ./Drivers/STM32F4xx_HAL_Driver/Src/stm32f4xx_ll_usb.o
                0x080075ec                USB_ReadInterrupts
 .text.USB_ReadChInterrupts
                0x08007612       0x42 ./Drivers/STM32F4xx_HAL_Driver/Src/stm32f4xx_ll_usb.o
                0x08007612                USB_ReadChInterrupts
 .text.USB_GetMode
                0x08007654       0x1c ./Drivers/STM32F4xx_HAL_Driver/Src/stm32f4xx_ll_usb.o
                0x08007654                USB_GetMode
 .text.USB_CoreReset
                0x08007670       0x62 ./Drivers/STM32F4xx_HAL_Driver/Src/stm32f4xx_ll_usb.o
 *fill*         0x080076d2        0x2 
 .text.USB_HostInit
                0x080076d4      0x188 ./Drivers/STM32F4xx_HAL_Driver/Src/stm32f4xx_ll_usb.o
                0x080076d4                USB_HostInit
 .text.USB_InitFSLSPClkSel
                0x0800785c       0x7a ./Drivers/STM32F4xx_HAL_Driver/Src/stm32f4xx_ll_usb.o
                0x0800785c                USB_InitFSLSPClkSel
 .text.USB_ResetPort
                0x080078d6       0x54 ./Drivers/STM32F4xx_HAL_Driver/Src/stm32f4xx_ll_usb.o
                0x080078d6                USB_ResetPort
 .text.USB_DriveVbus
                0x0800792a       0x72 ./Drivers/STM32F4xx_HAL_Driver/Src/stm32f4xx_ll_usb.o
                0x0800792a                USB_DriveVbus
 .text.USB_GetHostSpeed
                0x0800799c       0x2e ./Drivers/STM32F4xx_HAL_Driver/Src/stm32f4xx_ll_usb.o
                0x0800799c                USB_GetHostSpeed
 .text.USB_GetCurrentFrame
                0x080079ca       0x22 ./Drivers/STM32F4xx_HAL_Driver/Src/stm32f4xx_ll_usb.o
                0x080079ca                USB_GetCurrentFrame
 .text.USB_HC_Init
                0x080079ec      0x258 ./Drivers/STM32F4xx_HAL_Driver/Src/stm32f4xx_ll_usb.o
                0x080079ec                USB_HC_Init
 .text.USB_HC_StartXfer
                0x08007c44      0x4f4 ./Drivers/STM32F4xx_HAL_Driver/Src/stm32f4xx_ll_usb.o
                0x08007c44                USB_HC_StartXfer
 .text.USB_HC_ReadInterrupt
                0x08008138       0x22 ./Drivers/STM32F4xx_HAL_Driver/Src/stm32f4xx_ll_usb.o
                0x08008138                USB_HC_ReadInterrupt
 .text.USB_HC_Halt
                0x0800815a      0x240 ./Drivers/STM32F4xx_HAL_Driver/Src/stm32f4xx_ll_usb.o
                0x0800815a                USB_HC_Halt
 *fill*         0x0800839a        0x2 
 .text.USB_DoPing
                0x0800839c       0x78 ./Drivers/STM32F4xx_HAL_Driver/Src/stm32f4xx_ll_usb.o
                0x0800839c                USB_DoPing
 .text.USB_StopHost
                0x08008414      0x124 ./Drivers/STM32F4xx_HAL_Driver/Src/stm32f4xx_ll_usb.o
                0x08008414                USB_StopHost
 .text.USBH_CDC_InterfaceInit
                0x08008538      0x2ac ./Middlewares/ST/STM32_USB_Host_Library/Class/CDC/Src/usbh_cdc.o
 .text.USBH_CDC_InterfaceDeInit
                0x080087e4       0xb2 ./Middlewares/ST/STM32_USB_Host_Library/Class/CDC/Src/usbh_cdc.o
 .text.USBH_CDC_ClassRequest
                0x08008896       0x3e ./Middlewares/ST/STM32_USB_Host_Library/Class/CDC/Src/usbh_cdc.o
 .text.USBH_CDC_Process
                0x080088d4      0x12c ./Middlewares/ST/STM32_USB_Host_Library/Class/CDC/Src/usbh_cdc.o
 .text.USBH_CDC_SOFProcess
                0x08008a00       0x16 ./Middlewares/ST/STM32_USB_Host_Library/Class/CDC/Src/usbh_cdc.o
 .text.GetLineCoding
                0x08008a16       0x3e ./Middlewares/ST/STM32_USB_Host_Library/Class/CDC/Src/usbh_cdc.o
 .text.SetLineCoding
                0x08008a54       0x3e ./Middlewares/ST/STM32_USB_Host_Library/Class/CDC/Src/usbh_cdc.o
 .text.CDC_ProcessTransmission
                0x08008a92       0xec ./Middlewares/ST/STM32_USB_Host_Library/Class/CDC/Src/usbh_cdc.o
 .text.CDC_ProcessReception
                0x08008b7e       0xb6 ./Middlewares/ST/STM32_USB_Host_Library/Class/CDC/Src/usbh_cdc.o
 .text.USBH_CDC_TransmitCallback
                0x08008c34       0x14 ./Middlewares/ST/STM32_USB_Host_Library/Class/CDC/Src/usbh_cdc.o
                0x08008c34                USBH_CDC_TransmitCallback
 .text.USBH_CDC_ReceiveCallback
                0x08008c48       0x14 ./Middlewares/ST/STM32_USB_Host_Library/Class/CDC/Src/usbh_cdc.o
                0x08008c48                USBH_CDC_ReceiveCallback
 .text.USBH_CDC_LineCodingChanged
                0x08008c5c       0x14 ./Middlewares/ST/STM32_USB_Host_Library/Class/CDC/Src/usbh_cdc.o
                0x08008c5c                USBH_CDC_LineCodingChanged
 .text.USBH_Init
                0x08008c70       0x74 ./Middlewares/ST/STM32_USB_Host_Library/Core/Src/usbh_core.o
                0x08008c70                USBH_Init
 .text.DeInitStateMachine
                0x08008ce4       0xe6 ./Middlewares/ST/STM32_USB_Host_Library/Core/Src/usbh_core.o
 .text.USBH_RegisterClass
                0x08008dca       0x54 ./Middlewares/ST/STM32_USB_Host_Library/Core/Src/usbh_core.o
                0x08008dca                USBH_RegisterClass
 .text.USBH_SelectInterface
                0x08008e1e       0x38 ./Middlewares/ST/STM32_USB_Host_Library/Core/Src/usbh_core.o
                0x08008e1e                USBH_SelectInterface
 .text.USBH_FindInterface
                0x08008e56       0x8c ./Middlewares/ST/STM32_USB_Host_Library/Core/Src/usbh_core.o
                0x08008e56                USBH_FindInterface
 .text.USBH_Start
                0x08008ee2       0x20 ./Middlewares/ST/STM32_USB_Host_Library/Core/Src/usbh_core.o
                0x08008ee2                USBH_Start
 *fill*         0x08008f02        0x2 
 .text.USBH_Process
                0x08008f04      0x3d0 ./Middlewares/ST/STM32_USB_Host_Library/Core/Src/usbh_core.o
                0x08008f04                USBH_Process
 .text.USBH_HandleEnum
                0x080092d4      0x3c0 ./Middlewares/ST/STM32_USB_Host_Library/Core/Src/usbh_core.o
 .text.USBH_LL_SetTimer
                0x08009694       0x1e ./Middlewares/ST/STM32_USB_Host_Library/Core/Src/usbh_core.o
                0x08009694                USBH_LL_SetTimer
 .text.USBH_LL_IncTimer
                0x080096b2       0x24 ./Middlewares/ST/STM32_USB_Host_Library/Core/Src/usbh_core.o
                0x080096b2                USBH_LL_IncTimer
 .text.USBH_HandleSof
                0x080096d6       0x30 ./Middlewares/ST/STM32_USB_Host_Library/Core/Src/usbh_core.o
 .text.USBH_LL_PortEnabled
                0x08009706       0x1c ./Middlewares/ST/STM32_USB_Host_Library/Core/Src/usbh_core.o
                0x08009706                USBH_LL_PortEnabled
 .text.USBH_LL_PortDisabled
                0x08009722       0x1c ./Middlewares/ST/STM32_USB_Host_Library/Core/Src/usbh_core.o
                0x08009722                USBH_LL_PortDisabled
 .text.USBH_LL_Connect
                0x0800973e       0x2e ./Middlewares/ST/STM32_USB_Host_Library/Core/Src/usbh_core.o
                0x0800973e                USBH_LL_Connect
 .text.USBH_LL_Disconnect
                0x0800976c       0x48 ./Middlewares/ST/STM32_USB_Host_Library/Core/Src/usbh_core.o
                0x0800976c                USBH_LL_Disconnect
 .text.USBH_Get_DevDesc
                0x080097b4       0x58 ./Middlewares/ST/STM32_USB_Host_Library/Core/Src/usbh_ctlreq.o
                0x080097b4                USBH_Get_DevDesc
 .text.USBH_Get_CfgDesc
                0x0800980c       0x54 ./Middlewares/ST/STM32_USB_Host_Library/Core/Src/usbh_ctlreq.o
                0x0800980c                USBH_Get_CfgDesc
 .text.USBH_Get_StringDesc
                0x08009860       0x68 ./Middlewares/ST/STM32_USB_Host_Library/Core/Src/usbh_ctlreq.o
                0x08009860                USBH_Get_StringDesc
 .text.USBH_GetDescriptor
                0x080098c8       0x6a ./Middlewares/ST/STM32_USB_Host_Library/Core/Src/usbh_ctlreq.o
                0x080098c8                USBH_GetDescriptor
 .text.USBH_SetAddress
                0x08009932       0x48 ./Middlewares/ST/STM32_USB_Host_Library/Core/Src/usbh_ctlreq.o
                0x08009932                USBH_SetAddress
 .text.USBH_SetCfg
                0x0800997a       0x46 ./Middlewares/ST/STM32_USB_Host_Library/Core/Src/usbh_ctlreq.o
                0x0800997a                USBH_SetCfg
 .text.USBH_SetFeature
                0x080099c0       0x48 ./Middlewares/ST/STM32_USB_Host_Library/Core/Src/usbh_ctlreq.o
                0x080099c0                USBH_SetFeature
 .text.USBH_ClrFeature
                0x08009a08       0x48 ./Middlewares/ST/STM32_USB_Host_Library/Core/Src/usbh_ctlreq.o
                0x08009a08                USBH_ClrFeature
 .text.USBH_ParseDevDesc
                0x08009a50      0x160 ./Middlewares/ST/STM32_USB_Host_Library/Core/Src/usbh_ctlreq.o
 .text.USBH_ParseCfgDesc
                0x08009bb0      0x1f0 ./Middlewares/ST/STM32_USB_Host_Library/Core/Src/usbh_ctlreq.o
 .text.USBH_ParseInterfaceDesc
                0x08009da0       0x68 ./Middlewares/ST/STM32_USB_Host_Library/Core/Src/usbh_ctlreq.o
 .text.USBH_ParseEPDesc
                0x08009e08      0x1d0 ./Middlewares/ST/STM32_USB_Host_Library/Core/Src/usbh_ctlreq.o
 .text.USBH_ParseStringDesc
                0x08009fd8       0x66 ./Middlewares/ST/STM32_USB_Host_Library/Core/Src/usbh_ctlreq.o
 .text.USBH_GetNextDesc
                0x0800a03e       0x34 ./Middlewares/ST/STM32_USB_Host_Library/Core/Src/usbh_ctlreq.o
                0x0800a03e                USBH_GetNextDesc
 .text.USBH_CtlReq
                0x0800a072       0x7a ./Middlewares/ST/STM32_USB_Host_Library/Core/Src/usbh_ctlreq.o
                0x0800a072                USBH_CtlReq
 .text.USBH_HandleControl
                0x0800a0ec      0x2e8 ./Middlewares/ST/STM32_USB_Host_Library/Core/Src/usbh_ctlreq.o
 .text.USBH_CtlSendSetup
                0x0800a3d4       0x34 ./Middlewares/ST/STM32_USB_Host_Library/Core/Src/usbh_ioreq.o
                0x0800a3d4                USBH_CtlSendSetup
 .text.USBH_CtlSendData
                0x0800a408       0x4a ./Middlewares/ST/STM32_USB_Host_Library/Core/Src/usbh_ioreq.o
                0x0800a408                USBH_CtlSendData
 .text.USBH_CtlReceiveData
                0x0800a452       0x3c ./Middlewares/ST/STM32_USB_Host_Library/Core/Src/usbh_ioreq.o
                0x0800a452                USBH_CtlReceiveData
 .text.USBH_BulkSendData
                0x0800a48e       0x4a ./Middlewares/ST/STM32_USB_Host_Library/Core/Src/usbh_ioreq.o
                0x0800a48e                USBH_BulkSendData
 .text.USBH_BulkReceiveData
                0x0800a4d8       0x3c ./Middlewares/ST/STM32_USB_Host_Library/Core/Src/usbh_ioreq.o
                0x0800a4d8                USBH_BulkReceiveData
 .text.USBH_OpenPipe
                0x0800a514       0x3e ./Middlewares/ST/STM32_USB_Host_Library/Core/Src/usbh_pipes.o
                0x0800a514                USBH_OpenPipe
 .text.USBH_ClosePipe
                0x0800a552       0x20 ./Middlewares/ST/STM32_USB_Host_Library/Core/Src/usbh_pipes.o
                0x0800a552                USBH_ClosePipe
 .text.USBH_AllocPipe
                0x0800a572       0x42 ./Middlewares/ST/STM32_USB_Host_Library/Core/Src/usbh_pipes.o
                0x0800a572                USBH_AllocPipe
 .text.USBH_FreePipe
                0x0800a5b4       0x3c ./Middlewares/ST/STM32_USB_Host_Library/Core/Src/usbh_pipes.o
                0x0800a5b4                USBH_FreePipe
 .text.USBH_GetFreePipe
                0x0800a5f0       0x48 ./Middlewares/ST/STM32_USB_Host_Library/Core/Src/usbh_pipes.o
 .text.MX_USB_HOST_Init
                0x0800a638       0x4c ./USB_HOST/App/usb_host.o
                0x0800a638                MX_USB_HOST_Init
 .text.MX_USB_HOST_Process
                0x0800a684       0x14 ./USB_HOST/App/usb_host.o
                0x0800a684                MX_USB_HOST_Process
 .text.USBH_UserProcess
                0x0800a698       0x5c ./USB_HOST/App/usb_host.o
 .text.HAL_HCD_MspInit
                0x0800a6f4       0xc4 ./USB_HOST/Target/usbh_conf.o
                0x0800a6f4                HAL_HCD_MspInit
 .text.HAL_HCD_SOF_Callback
                0x0800a7b8       0x1c ./USB_HOST/Target/usbh_conf.o
                0x0800a7b8                HAL_HCD_SOF_Callback
 .text.HAL_HCD_Connect_Callback
                0x0800a7d4       0x1c ./USB_HOST/Target/usbh_conf.o
                0x0800a7d4                HAL_HCD_Connect_Callback
 .text.HAL_HCD_Disconnect_Callback
                0x0800a7f0       0x1c ./USB_HOST/Target/usbh_conf.o
                0x0800a7f0                HAL_HCD_Disconnect_Callback
 .text.HAL_HCD_HC_NotifyURBChange_Callback
                0x0800a80c       0x1c ./USB_HOST/Target/usbh_conf.o
                0x0800a80c                HAL_HCD_HC_NotifyURBChange_Callback
 .text.HAL_HCD_PortEnabled_Callback
                0x0800a828       0x1c ./USB_HOST/Target/usbh_conf.o
                0x0800a828                HAL_HCD_PortEnabled_Callback
 .text.HAL_HCD_PortDisabled_Callback
                0x0800a844       0x1c ./USB_HOST/Target/usbh_conf.o
                0x0800a844                HAL_HCD_PortDisabled_Callback
 .text.USBH_LL_Init
                0x0800a860       0x78 ./USB_HOST/Target/usbh_conf.o
                0x0800a860                USBH_LL_Init
 .text.USBH_LL_Start
                0x0800a8d8       0x36 ./USB_HOST/Target/usbh_conf.o
                0x0800a8d8                USBH_LL_Start
 .text.USBH_LL_Stop
                0x0800a90e       0x36 ./USB_HOST/Target/usbh_conf.o
                0x0800a90e                USBH_LL_Stop
 .text.USBH_LL_GetSpeed
                0x0800a944       0x4e ./USB_HOST/Target/usbh_conf.o
                0x0800a944                USBH_LL_GetSpeed
 .text.USBH_LL_ResetPort
                0x0800a992       0x36 ./USB_HOST/Target/usbh_conf.o
                0x0800a992                USBH_LL_ResetPort
 .text.USBH_LL_GetLastXferSize
                0x0800a9c8       0x26 ./USB_HOST/Target/usbh_conf.o
                0x0800a9c8                USBH_LL_GetLastXferSize
 .text.USBH_LL_OpenPipe
                0x0800a9ee       0x5e ./USB_HOST/Target/usbh_conf.o
                0x0800a9ee                USBH_LL_OpenPipe
 .text.USBH_LL_ClosePipe
                0x0800aa4c       0x3e ./USB_HOST/Target/usbh_conf.o
                0x0800aa4c                USBH_LL_ClosePipe
 .text.USBH_LL_SubmitURB
                0x0800aa8a       0x62 ./USB_HOST/Target/usbh_conf.o
                0x0800aa8a                USBH_LL_SubmitURB
 .text.USBH_LL_GetURBState
                0x0800aaec       0x26 ./USB_HOST/Target/usbh_conf.o
                0x0800aaec                USBH_LL_GetURBState
 .text.USBH_LL_DriverVBUS
                0x0800ab12       0x2e ./USB_HOST/Target/usbh_conf.o
                0x0800ab12                USBH_LL_DriverVBUS
 .text.USBH_LL_SetToggle
                0x0800ab40       0x66 ./USB_HOST/Target/usbh_conf.o
                0x0800ab40                USBH_LL_SetToggle
 .text.USBH_Delay
                0x0800aba6       0x16 ./USB_HOST/Target/usbh_conf.o
                0x0800aba6                USBH_Delay
 .text.USBH_Get_USB_Status
                0x0800abbc       0x58 ./USB_HOST/Target/usbh_conf.o
                0x0800abbc                USBH_Get_USB_Status
 .text.MX_DriverVbusFS
                0x0800ac14       0x78 ./USB_HOST/Target/usbh_platform.o
                0x0800ac14                MX_DriverVbusFS
 .text.malloc   0x0800ac8c       0x10 /Applications/STM32CubeIDE.app/Contents/Eclipse/plugins/com.st.stm32cube.ide.mcu.externaltools.gnu-tools-for-stm32.13.3.rel1.macos64_1.0.0.202411102158/tools/bin/../lib/gcc/arm-none-eabi/13.3.1/../../../../arm-none-eabi/lib/thumb/v7e-m+fp/hard/libc_nano.a(libc_a-malloc.o)
                0x0800ac8c                malloc
 .text.free     0x0800ac9c       0x10 /Applications/STM32CubeIDE.app/Contents/Eclipse/plugins/com.st.stm32cube.ide.mcu.externaltools.gnu-tools-for-stm32.13.3.rel1.macos64_1.0.0.202411102158/tools/bin/../lib/gcc/arm-none-eabi/13.3.1/../../../../arm-none-eabi/lib/thumb/v7e-m+fp/hard/libc_nano.a(libc_a-malloc.o)
                0x0800ac9c                free
 .text.sbrk_aligned
                0x0800acac       0x44 /Applications/STM32CubeIDE.app/Contents/Eclipse/plugins/com.st.stm32cube.ide.mcu.externaltools.gnu-tools-for-stm32.13.3.rel1.macos64_1.0.0.202411102158/tools/bin/../lib/gcc/arm-none-eabi/13.3.1/../../../../arm-none-eabi/lib/thumb/v7e-m+fp/hard/libc_nano.a(libc_a-mallocr.o)
 .text._malloc_r
                0x0800acf0      0x100 /Applications/STM32CubeIDE.app/Contents/Eclipse/plugins/com.st.stm32cube.ide.mcu.externaltools.gnu-tools-for-stm32.13.3.rel1.macos64_1.0.0.202411102158/tools/bin/../lib/gcc/arm-none-eabi/13.3.1/../../../../arm-none-eabi/lib/thumb/v7e-m+fp/hard/libc_nano.a(libc_a-mallocr.o)
                0x0800acf0                _malloc_r
 .text.__malloc_lock
                0x0800adf0        0xc /Applications/STM32CubeIDE.app/Contents/Eclipse/plugins/com.st.stm32cube.ide.mcu.externaltools.gnu-tools-for-stm32.13.3.rel1.macos64_1.0.0.202411102158/tools/bin/../lib/gcc/arm-none-eabi/13.3.1/../../../../arm-none-eabi/lib/thumb/v7e-m+fp/hard/libc_nano.a(libc_a-mlock.o)
                0x0800adf0                __malloc_lock
 .text.__malloc_unlock
                0x0800adfc        0xc /Applications/STM32CubeIDE.app/Contents/Eclipse/plugins/com.st.stm32cube.ide.mcu.externaltools.gnu-tools-for-stm32.13.3.rel1.macos64_1.0.0.202411102158/tools/bin/../lib/gcc/arm-none-eabi/13.3.1/../../../../arm-none-eabi/lib/thumb/v7e-m+fp/hard/libc_nano.a(libc_a-mlock.o)
                0x0800adfc                __malloc_unlock
 .text.memset   0x0800ae08       0x10 /Applications/STM32CubeIDE.app/Contents/Eclipse/plugins/com.st.stm32cube.ide.mcu.externaltools.gnu-tools-for-stm32.13.3.rel1.macos64_1.0.0.202411102158/tools/bin/../lib/gcc/arm-none-eabi/13.3.1/../../../../arm-none-eabi/lib/thumb/v7e-m+fp/hard/libc_nano.a(libc_a-memset.o)
                0x0800ae08                memset
 .text._sbrk_r  0x0800ae18       0x20 /Applications/STM32CubeIDE.app/Contents/Eclipse/plugins/com.st.stm32cube.ide.mcu.externaltools.gnu-tools-for-stm32.13.3.rel1.macos64_1.0.0.202411102158/tools/bin/../lib/gcc/arm-none-eabi/13.3.1/../../../../arm-none-eabi/lib/thumb/v7e-m+fp/hard/libc_nano.a(libc_a-sbrkr.o)
                0x0800ae18                _sbrk_r
 .text.__errno  0x0800ae38        0xc /Applications/STM32CubeIDE.app/Contents/Eclipse/plugins/com.st.stm32cube.ide.mcu.externaltools.gnu-tools-for-stm32.13.3.rel1.macos64_1.0.0.202411102158/tools/bin/../lib/gcc/arm-none-eabi/13.3.1/../../../../arm-none-eabi/lib/thumb/v7e-m+fp/hard/libc_nano.a(libc_a-errno.o)
                0x0800ae38                __errno
 .text.__libc_init_array
                0x0800ae44       0x48 /Applications/STM32CubeIDE.app/Contents/Eclipse/plugins/com.st.stm32cube.ide.mcu.externaltools.gnu-tools-for-stm32.13.3.rel1.macos64_1.0.0.202411102158/tools/bin/../lib/gcc/arm-none-eabi/13.3.1/../../../../arm-none-eabi/lib/thumb/v7e-m+fp/hard/libc_nano.a(libc_a-init.o)
                0x0800ae44                __libc_init_array
 .text.__retarget_lock_acquire_recursive
                0x0800ae8c        0x2 /Applications/STM32CubeIDE.app/Contents/Eclipse/plugins/com.st.stm32cube.ide.mcu.externaltools.gnu-tools-for-stm32.13.3.rel1.macos64_1.0.0.202411102158/tools/bin/../lib/gcc/arm-none-eabi/13.3.1/../../../../arm-none-eabi/lib/thumb/v7e-m+fp/hard/libc_nano.a(libc_a-lock.o)
                0x0800ae8c                __retarget_lock_acquire_recursive
 .text.__retarget_lock_release_recursive
                0x0800ae8e        0x2 /Applications/STM32CubeIDE.app/Contents/Eclipse/plugins/com.st.stm32cube.ide.mcu.externaltools.gnu-tools-for-stm32.13.3.rel1.macos64_1.0.0.202411102158/tools/bin/../lib/gcc/arm-none-eabi/13.3.1/../../../../arm-none-eabi/lib/thumb/v7e-m+fp/hard/libc_nano.a(libc_a-lock.o)
                0x0800ae8e                __retarget_lock_release_recursive
 .text._free_r  0x0800ae90       0x94 /Applications/STM32CubeIDE.app/Contents/Eclipse/plugins/com.st.stm32cube.ide.mcu.externaltools.gnu-tools-for-stm32.13.3.rel1.macos64_1.0.0.202411102158/tools/bin/../lib/gcc/arm-none-eabi/13.3.1/../../../../arm-none-eabi/lib/thumb/v7e-m+fp/hard/libc_nano.a(libc_a-freer.o)
                0x0800ae90                _free_r
 *(.glue_7)
 .glue_7        0x0800af24        0x0 linker stubs
 *(.glue_7t)
 .glue_7t       0x0800af24        0x0 linker stubs
 *(.eh_frame)
 .eh_frame      0x0800af24        0x0 /Applications/STM32CubeIDE.app/Contents/Eclipse/plugins/com.st.stm32cube.ide.mcu.externaltools.gnu-tools-for-stm32.13.3.rel1.macos64_1.0.0.202411102158/tools/bin/../lib/gcc/arm-none-eabi/13.3.1/thumb/v7e-m+fp/hard/crtbegin.o
 *(.init)
 .init          0x0800af24        0x4 /Applications/STM32CubeIDE.app/Contents/Eclipse/plugins/com.st.stm32cube.ide.mcu.externaltools.gnu-tools-for-stm32.13.3.rel1.macos64_1.0.0.202411102158/tools/bin/../lib/gcc/arm-none-eabi/13.3.1/thumb/v7e-m+fp/hard/crti.o
                0x0800af24                _init
 .init          0x0800af28        0x8 /Applications/STM32CubeIDE.app/Contents/Eclipse/plugins/com.st.stm32cube.ide.mcu.externaltools.gnu-tools-for-stm32.13.3.rel1.macos64_1.0.0.202411102158/tools/bin/../lib/gcc/arm-none-eabi/13.3.1/thumb/v7e-m+fp/hard/crtn.o
 *(.fini)
 .fini          0x0800af30        0x4 /Applications/STM32CubeIDE.app/Contents/Eclipse/plugins/com.st.stm32cube.ide.mcu.externaltools.gnu-tools-for-stm32.13.3.rel1.macos64_1.0.0.202411102158/tools/bin/../lib/gcc/arm-none-eabi/13.3.1/thumb/v7e-m+fp/hard/crti.o
                0x0800af30                _fini
 .fini          0x0800af34        0x8 /Applications/STM32CubeIDE.app/Contents/Eclipse/plugins/com.st.stm32cube.ide.mcu.externaltools.gnu-tools-for-stm32.13.3.rel1.macos64_1.0.0.202411102158/tools/bin/../lib/gcc/arm-none-eabi/13.3.1/thumb/v7e-m+fp/hard/crtn.o
                0x0800af3c                        . = ALIGN (0x4)
                0x0800af3c                        _etext = .

.vfp11_veneer   0x0800af3c        0x0
 .vfp11_veneer  0x0800af3c        0x0 linker stubs

.v4_bx          0x0800af3c        0x0
 .v4_bx         0x0800af3c        0x0 linker stubs

.iplt           0x0800af3c        0x0
 .iplt          0x0800af3c        0x0 /Applications/STM32CubeIDE.app/Contents/Eclipse/plugins/com.st.stm32cube.ide.mcu.externaltools.gnu-tools-for-stm32.13.3.rel1.macos64_1.0.0.202411102158/tools/bin/../lib/gcc/arm-none-eabi/13.3.1/thumb/v7e-m+fp/hard/crtbegin.o

.rodata         0x0800af3c       0x24
                0x0800af3c                        . = ALIGN (0x4)
 *(.rodata)
 .rodata        0x0800af3c        0x4 ./Middlewares/ST/STM32_USB_Host_Library/Class/CDC/Src/usbh_cdc.o
 *(.rodata*)
 .rodata.AHBPrescTable
                0x0800af40       0x10 ./Core/Src/system_stm32f4xx.o
                0x0800af40                AHBPrescTable
 .rodata.APBPrescTable
                0x0800af50        0x8 ./Core/Src/system_stm32f4xx.o
                0x0800af50                APBPrescTable
 .rodata.flagBitshiftOffset.0
                0x0800af58        0x8 ./Drivers/STM32F4xx_HAL_Driver/Src/stm32f4xx_hal_dma.o
                0x0800af60                        . = ALIGN (0x4)

.ARM.extab      0x0800af60        0x0
                0x0800af60                        . = ALIGN (0x4)
 *(.ARM.extab* .gnu.linkonce.armextab.*)
                0x0800af60                        . = ALIGN (0x4)

.ARM            0x0800af60        0x8
                0x0800af60                        . = ALIGN (0x4)
                0x0800af60                        __exidx_start = .
 *(.ARM.exidx*)
 .ARM.exidx     0x0800af60        0x8 /Applications/STM32CubeIDE.app/Contents/Eclipse/plugins/com.st.stm32cube.ide.mcu.externaltools.gnu-tools-for-stm32.13.3.rel1.macos64_1.0.0.202411102158/tools/bin/../lib/gcc/arm-none-eabi/13.3.1/thumb/v7e-m+fp/hard/libgcc.a(_udivmoddi4.o)
                0x0800af68                        __exidx_end = .
                0x0800af68                        . = ALIGN (0x4)

.preinit_array  0x0800af68        0x0
                0x0800af68                        . = ALIGN (0x4)
                0x0800af68                        PROVIDE (__preinit_array_start = .)
 *(.preinit_array*)
                0x0800af68                        PROVIDE (__preinit_array_end = .)
                0x0800af68                        . = ALIGN (0x4)

.init_array     0x0800af68        0x4
                0x0800af68                        . = ALIGN (0x4)
                0x0800af68                        PROVIDE (__init_array_start = .)
 *(SORT_BY_NAME(.init_array.*))
 *(.init_array*)
 .init_array    0x0800af68        0x4 /Applications/STM32CubeIDE.app/Contents/Eclipse/plugins/com.st.stm32cube.ide.mcu.externaltools.gnu-tools-for-stm32.13.3.rel1.macos64_1.0.0.202411102158/tools/bin/../lib/gcc/arm-none-eabi/13.3.1/thumb/v7e-m+fp/hard/crtbegin.o
                0x0800af6c                        PROVIDE (__init_array_end = .)
                0x0800af6c                        . = ALIGN (0x4)

.fini_array     0x0800af6c        0x4
                0x0800af6c                        . = ALIGN (0x4)
                [!provide]                        PROVIDE (__fini_array_start = .)
 *(SORT_BY_NAME(.fini_array.*))
 *(.fini_array*)
 .fini_array    0x0800af6c        0x4 /Applications/STM32CubeIDE.app/Contents/Eclipse/plugins/com.st.stm32cube.ide.mcu.externaltools.gnu-tools-for-stm32.13.3.rel1.macos64_1.0.0.202411102158/tools/bin/../lib/gcc/arm-none-eabi/13.3.1/thumb/v7e-m+fp/hard/crtbegin.o
                [!provide]                        PROVIDE (__fini_array_end = .)
                0x0800af70                        . = ALIGN (0x4)
                0x0800af70                        _sidata = LOADADDR (.data)

.rel.dyn        0x0800af70        0x0
 .rel.iplt      0x0800af70        0x0 /Applications/STM32CubeIDE.app/Contents/Eclipse/plugins/com.st.stm32cube.ide.mcu.externaltools.gnu-tools-for-stm32.13.3.rel1.macos64_1.0.0.202411102158/tools/bin/../lib/gcc/arm-none-eabi/13.3.1/thumb/v7e-m+fp/hard/crtbegin.o

.data           0x20000000       0x7c load address 0x0800af70
                0x20000000                        . = ALIGN (0x4)
                0x20000000                        _sdata = .
 *(.data)
 *(.data*)
 .data.SystemCoreClock
                0x20000000        0x4 ./Core/Src/system_stm32f4xx.o
                0x20000000                SystemCoreClock
 .data.uwTickPrio
                0x20000004        0x4 ./Drivers/STM32F4xx_HAL_Driver/Src/stm32f4xx_hal.o
                0x20000004                uwTickPrio
 .data.uwTickFreq
                0x20000008        0x1 ./Drivers/STM32F4xx_HAL_Driver/Src/stm32f4xx_hal.o
                0x20000008                uwTickFreq
 *fill*         0x20000009        0x3 
 .data.CDC_Class
                0x2000000c       0x20 ./Middlewares/ST/STM32_USB_Host_Library/Class/CDC/Src/usbh_cdc.o
                0x2000000c                CDC_Class
 .data._impure_ptr
                0x2000002c        0x4 /Applications/STM32CubeIDE.app/Contents/Eclipse/plugins/com.st.stm32cube.ide.mcu.externaltools.gnu-tools-for-stm32.13.3.rel1.macos64_1.0.0.202411102158/tools/bin/../lib/gcc/arm-none-eabi/13.3.1/../../../../arm-none-eabi/lib/thumb/v7e-m+fp/hard/libc_nano.a(libc_a-impure.o)
                0x2000002c                _impure_ptr
 .data._impure_data
                0x20000030       0x4c /Applications/STM32CubeIDE.app/Contents/Eclipse/plugins/com.st.stm32cube.ide.mcu.externaltools.gnu-tools-for-stm32.13.3.rel1.macos64_1.0.0.202411102158/tools/bin/../lib/gcc/arm-none-eabi/13.3.1/../../../../arm-none-eabi/lib/thumb/v7e-m+fp/hard/libc_nano.a(libc_a-impure.o)
                0x20000030                _impure_data
 *(.RamFunc)
 *(.RamFunc*)
                0x2000007c                        . = ALIGN (0x4)
                0x2000007c                        _edata = .
                0x0800afec                        _siccmram = LOADADDR (.ccmram)

.igot.plt       0x2000007c        0x0 load address 0x0800afec
 .igot.plt      0x2000007c        0x0 /Applications/STM32CubeIDE.app/Contents/Eclipse/plugins/com.st.stm32cube.ide.mcu.externaltools.gnu-tools-for-stm32.13.3.rel1.macos64_1.0.0.202411102158/tools/bin/../lib/gcc/arm-none-eabi/13.3.1/thumb/v7e-m+fp/hard/crtbegin.o

.ccmram         0x10000000        0x0 load address 0x0800afec
                0x10000000                        . = ALIGN (0x4)
                0x10000000                        _sccmram = .
 *(.ccmram)
 *(.ccmram*)
                0x10000000                        . = ALIGN (0x4)
                0x10000000                        _eccmram = .
                0x10000000                        . = ALIGN (0x4)

.bss            0x2000007c     0x8b28
                0x2000007c                        _sbss = .
                0x2000007c                        __bss_start__ = _sbss
 *(.bss)
 .bss           0x2000007c       0x1c /Applications/STM32CubeIDE.app/Contents/Eclipse/plugins/com.st.stm32cube.ide.mcu.externaltools.gnu-tools-for-stm32.13.3.rel1.macos64_1.0.0.202411102158/tools/bin/../lib/gcc/arm-none-eabi/13.3.1/thumb/v7e-m+fp/hard/crtbegin.o
 *(.bss*)
 .bss.hi2c3     0x20000098       0x54 ./Core/Src/i2c.o
                0x20000098                hi2c3
 .bss.hi2s2     0x200000ec       0x48 ./Core/Src/i2s.o
                0x200000ec                hi2s2
 .bss.hdma_i2s2_ext_rx
                0x20000134       0x60 ./Core/Src/i2s.o
                0x20000134                hdma_i2s2_ext_rx
 .bss.hdma_spi2_tx
                0x20000194       0x60 ./Core/Src/i2s.o
                0x20000194                hdma_spi2_tx
 .bss.callback_state
                0x200001f4        0x1 ./Core/Src/main.o
                0x200001f4                callback_state
 *fill*         0x200001f5        0x3 
 .bss.rxBuf     0x200001f8     0x2000 ./Core/Src/main.o
                0x200001f8                rxBuf
 .bss.txBuf     0x200021f8     0x2000 ./Core/Src/main.o
                0x200021f8                txBuf
 .bss.l_buf_in  0x200041f8     0x1000 ./Core/Src/main.o
                0x200041f8                l_buf_in
 .bss.r_buf_in  0x200051f8     0x1000 ./Core/Src/main.o
                0x200051f8                r_buf_in
 .bss.l_buf_out
                0x200061f8     0x1000 ./Core/Src/main.o
                0x200061f8                l_buf_out
 .bss.r_buf_out
                0x200071f8     0x1000 ./Core/Src/main.o
                0x200071f8                r_buf_out
 .bss.hspi1     0x200081f8       0x58 ./Core/Src/spi.o
                0x200081f8                hspi1
 .bss.__sbrk_heap_end
                0x20008250        0x4 ./Core/Src/sysmem.o
 .bss.huart3    0x20008254       0x48 ./Core/Src/usart.o
                0x20008254                huart3
 .bss.uwTick    0x2000829c        0x4 ./Drivers/STM32F4xx_HAL_Driver/Src/stm32f4xx_hal.o
                0x2000829c                uwTick
 .bss.hUsbHostFS
                0x200082a0      0x3d8 ./USB_HOST/App/usb_host.o
                0x200082a0                hUsbHostFS
 .bss.Appli_state
                0x20008678        0x1 ./USB_HOST/App/usb_host.o
                0x20008678                Appli_state
 *fill*         0x20008679        0x3 
 .bss.hhcd_USB_OTG_FS
                0x2000867c      0x3e0 ./USB_HOST/Target/usbh_conf.o
                0x2000867c                hhcd_USB_OTG_FS
 .bss.__malloc_sbrk_start
                0x20008a5c        0x4 /Applications/STM32CubeIDE.app/Contents/Eclipse/plugins/com.st.stm32cube.ide.mcu.externaltools.gnu-tools-for-stm32.13.3.rel1.macos64_1.0.0.202411102158/tools/bin/../lib/gcc/arm-none-eabi/13.3.1/../../../../arm-none-eabi/lib/thumb/v7e-m+fp/hard/libc_nano.a(libc_a-mallocr.o)
                0x20008a5c                __malloc_sbrk_start
 .bss.__malloc_free_list
                0x20008a60        0x4 /Applications/STM32CubeIDE.app/Contents/Eclipse/plugins/com.st.stm32cube.ide.mcu.externaltools.gnu-tools-for-stm32.13.3.rel1.macos64_1.0.0.202411102158/tools/bin/../lib/gcc/arm-none-eabi/13.3.1/../../../../arm-none-eabi/lib/thumb/v7e-m+fp/hard/libc_nano.a(libc_a-mallocr.o)
                0x20008a60                __malloc_free_list
 .bss.__sf      0x20008a64      0x138 /Applications/STM32CubeIDE.app/Contents/Eclipse/plugins/com.st.stm32cube.ide.mcu.externaltools.gnu-tools-for-stm32.13.3.rel1.macos64_1.0.0.202411102158/tools/bin/../lib/gcc/arm-none-eabi/13.3.1/../../../../arm-none-eabi/lib/thumb/v7e-m+fp/hard/libc_nano.a(libc_a-findfp.o)
                0x20008a64                __sf
 .bss.__lock___malloc_recursive_mutex
                0x20008b9c        0x1 /Applications/STM32CubeIDE.app/Contents/Eclipse/plugins/com.st.stm32cube.ide.mcu.externaltools.gnu-tools-for-stm32.13.3.rel1.macos64_1.0.0.202411102158/tools/bin/../lib/gcc/arm-none-eabi/13.3.1/../../../../arm-none-eabi/lib/thumb/v7e-m+fp/hard/libc_nano.a(libc_a-lock.o)
                0x20008b9c                __lock___malloc_recursive_mutex
 *fill*         0x20008b9d        0x3 
 .bss.errno     0x20008ba0        0x4 /Applications/STM32CubeIDE.app/Contents/Eclipse/plugins/com.st.stm32cube.ide.mcu.externaltools.gnu-tools-for-stm32.13.3.rel1.macos64_1.0.0.202411102158/tools/bin/../lib/gcc/arm-none-eabi/13.3.1/../../../../arm-none-eabi/lib/thumb/v7e-m+fp/hard/libc_nano.a(libc_a-reent.o)
                0x20008ba0                errno
 *(COMMON)
                0x20008ba4                        . = ALIGN (0x4)
                0x20008ba4                        _ebss = .
                0x20008ba4                        __bss_end__ = _ebss

._user_heap_stack
                0x20008ba4      0x604
                0x20008ba8                        . = ALIGN (0x8)
 *fill*         0x20008ba4        0x4 
                [!provide]                        PROVIDE (end = .)
                0x20008ba8                        PROVIDE (_end = .)
                0x20008da8                        . = (. + _Min_Heap_Size)
 *fill*         0x20008ba8      0x200 
                0x200091a8                        . = (. + _Min_Stack_Size)
 *fill*         0x20008da8      0x400 
                0x200091a8                        . = ALIGN (0x8)

/DISCARD/
 libc.a(*)
 libm.a(*)
 libgcc.a(*)

.ARM.attributes
                0x00000000       0x30
 *(.ARM.attributes)
 .ARM.attributes
                0x00000000       0x22 /Applications/STM32CubeIDE.app/Contents/Eclipse/plugins/com.st.stm32cube.ide.mcu.externaltools.gnu-tools-for-stm32.13.3.rel1.macos64_1.0.0.202411102158/tools/bin/../lib/gcc/arm-none-eabi/13.3.1/thumb/v7e-m+fp/hard/crti.o
 .ARM.attributes
                0x00000022       0x34 /Applications/STM32CubeIDE.app/Contents/Eclipse/plugins/com.st.stm32cube.ide.mcu.externaltools.gnu-tools-for-stm32.13.3.rel1.macos64_1.0.0.202411102158/tools/bin/../lib/gcc/arm-none-eabi/13.3.1/thumb/v7e-m+fp/hard/crtbegin.o
 .ARM.attributes
                0x00000056       0x34 ./Core/Src/dma.o
 .ARM.attributes
                0x0000008a       0x34 ./Core/Src/gpio.o
 .ARM.attributes
                0x000000be       0x34 ./Core/Src/i2c.o
 .ARM.attributes
                0x000000f2       0x34 ./Core/Src/i2s.o
 .ARM.attributes
                0x00000126       0x34 ./Core/Src/main.o
 .ARM.attributes
                0x0000015a       0x34 ./Core/Src/spi.o
 .ARM.attributes
                0x0000018e       0x34 ./Core/Src/stm32f4xx_hal_msp.o
 .ARM.attributes
                0x000001c2       0x34 ./Core/Src/stm32f4xx_it.o
 .ARM.attributes
                0x000001f6       0x34 ./Core/Src/sysmem.o
 .ARM.attributes
                0x0000022a       0x34 ./Core/Src/system_stm32f4xx.o
 .ARM.attributes
                0x0000025e       0x34 ./Core/Src/usart.o
 .ARM.attributes
                0x00000292       0x21 ./Core/Startup/startup_stm32f407vgtx.o
 .ARM.attributes
                0x000002b3       0x34 ./Drivers/BSP/STM32F4-Discovery/stm32f4_discovery_audio.o
 .ARM.attributes
                0x000002e7       0x34 ./Drivers/STM32F4xx_HAL_Driver/Src/stm32f4xx_hal.o
 .ARM.attributes
                0x0000031b       0x34 ./Drivers/STM32F4xx_HAL_Driver/Src/stm32f4xx_hal_cortex.o
 .ARM.attributes
                0x0000034f       0x34 ./Drivers/STM32F4xx_HAL_Driver/Src/stm32f4xx_hal_dma.o
 .ARM.attributes
                0x00000383       0x34 ./Drivers/STM32F4xx_HAL_Driver/Src/stm32f4xx_hal_gpio.o
 .ARM.attributes
                0x000003b7       0x34 ./Drivers/STM32F4xx_HAL_Driver/Src/stm32f4xx_hal_hcd.o
 .ARM.attributes
                0x000003eb       0x34 ./Drivers/STM32F4xx_HAL_Driver/Src/stm32f4xx_hal_i2c.o
 .ARM.attributes
                0x0000041f       0x34 ./Drivers/STM32F4xx_HAL_Driver/Src/stm32f4xx_hal_i2s.o
 .ARM.attributes
                0x00000453       0x34 ./Drivers/STM32F4xx_HAL_Driver/Src/stm32f4xx_hal_i2s_ex.o
 .ARM.attributes
                0x00000487       0x34 ./Drivers/STM32F4xx_HAL_Driver/Src/stm32f4xx_hal_rcc.o
 .ARM.attributes
                0x000004bb       0x34 ./Drivers/STM32F4xx_HAL_Driver/Src/stm32f4xx_hal_rcc_ex.o
 .ARM.attributes
                0x000004ef       0x34 ./Drivers/STM32F4xx_HAL_Driver/Src/stm32f4xx_hal_spi.o
 .ARM.attributes
                0x00000523       0x34 ./Drivers/STM32F4xx_HAL_Driver/Src/stm32f4xx_hal_uart.o
 .ARM.attributes
                0x00000557       0x34 ./Drivers/STM32F4xx_HAL_Driver/Src/stm32f4xx_ll_usb.o
 .ARM.attributes
                0x0000058b       0x34 ./Middlewares/ST/STM32_USB_Host_Library/Class/CDC/Src/usbh_cdc.o
 .ARM.attributes
                0x000005bf       0x34 ./Middlewares/ST/STM32_USB_Host_Library/Core/Src/usbh_core.o
 .ARM.attributes
                0x000005f3       0x34 ./Middlewares/ST/STM32_USB_Host_Library/Core/Src/usbh_ctlreq.o
 .ARM.attributes
                0x00000627       0x34 ./Middlewares/ST/STM32_USB_Host_Library/Core/Src/usbh_ioreq.o
 .ARM.attributes
                0x0000065b       0x34 ./Middlewares/ST/STM32_USB_Host_Library/Core/Src/usbh_pipes.o
 .ARM.attributes
                0x0000068f       0x34 ./USB_HOST/App/usb_host.o
 .ARM.attributes
                0x000006c3       0x34 ./USB_HOST/Target/usbh_conf.o
 .ARM.attributes
                0x000006f7       0x34 ./USB_HOST/Target/usbh_platform.o
 .ARM.attributes
                0x0000072b       0x34 /Applications/STM32CubeIDE.app/Contents/Eclipse/plugins/com.st.stm32cube.ide.mcu.externaltools.gnu-tools-for-stm32.13.3.rel1.macos64_1.0.0.202411102158/tools/bin/../lib/gcc/arm-none-eabi/13.3.1/../../../../arm-none-eabi/lib/thumb/v7e-m+fp/hard/libc_nano.a(libc_a-malloc.o)
 .ARM.attributes
                0x0000075f       0x34 /Applications/STM32CubeIDE.app/Contents/Eclipse/plugins/com.st.stm32cube.ide.mcu.externaltools.gnu-tools-for-stm32.13.3.rel1.macos64_1.0.0.202411102158/tools/bin/../lib/gcc/arm-none-eabi/13.3.1/../../../../arm-none-eabi/lib/thumb/v7e-m+fp/hard/libc_nano.a(libc_a-mallocr.o)
 .ARM.attributes
                0x00000793       0x34 /Applications/STM32CubeIDE.app/Contents/Eclipse/plugins/com.st.stm32cube.ide.mcu.externaltools.gnu-tools-for-stm32.13.3.rel1.macos64_1.0.0.202411102158/tools/bin/../lib/gcc/arm-none-eabi/13.3.1/../../../../arm-none-eabi/lib/thumb/v7e-m+fp/hard/libc_nano.a(libc_a-mlock.o)
 .ARM.attributes
                0x000007c7       0x34 /Applications/STM32CubeIDE.app/Contents/Eclipse/plugins/com.st.stm32cube.ide.mcu.externaltools.gnu-tools-for-stm32.13.3.rel1.macos64_1.0.0.202411102158/tools/bin/../lib/gcc/arm-none-eabi/13.3.1/../../../../arm-none-eabi/lib/thumb/v7e-m+fp/hard/libc_nano.a(libc_a-findfp.o)
 .ARM.attributes
                0x000007fb       0x34 /Applications/STM32CubeIDE.app/Contents/Eclipse/plugins/com.st.stm32cube.ide.mcu.externaltools.gnu-tools-for-stm32.13.3.rel1.macos64_1.0.0.202411102158/tools/bin/../lib/gcc/arm-none-eabi/13.3.1/../../../../arm-none-eabi/lib/thumb/v7e-m+fp/hard/libc_nano.a(libc_a-memset.o)
 .ARM.attributes
                0x0000082f       0x34 /Applications/STM32CubeIDE.app/Contents/Eclipse/plugins/com.st.stm32cube.ide.mcu.externaltools.gnu-tools-for-stm32.13.3.rel1.macos64_1.0.0.202411102158/tools/bin/../lib/gcc/arm-none-eabi/13.3.1/../../../../arm-none-eabi/lib/thumb/v7e-m+fp/hard/libc_nano.a(libc_a-sbrkr.o)
 .ARM.attributes
                0x00000863       0x34 /Applications/STM32CubeIDE.app/Contents/Eclipse/plugins/com.st.stm32cube.ide.mcu.externaltools.gnu-tools-for-stm32.13.3.rel1.macos64_1.0.0.202411102158/tools/bin/../lib/gcc/arm-none-eabi/13.3.1/../../../../arm-none-eabi/lib/thumb/v7e-m+fp/hard/libc_nano.a(libc_a-errno.o)
 .ARM.attributes
                0x00000897       0x34 /Applications/STM32CubeIDE.app/Contents/Eclipse/plugins/com.st.stm32cube.ide.mcu.externaltools.gnu-tools-for-stm32.13.3.rel1.macos64_1.0.0.202411102158/tools/bin/../lib/gcc/arm-none-eabi/13.3.1/../../../../arm-none-eabi/lib/thumb/v7e-m+fp/hard/libc_nano.a(libc_a-init.o)
 .ARM.attributes
                0x000008cb       0x34 /Applications/STM32CubeIDE.app/Contents/Eclipse/plugins/com.st.stm32cube.ide.mcu.externaltools.gnu-tools-for-stm32.13.3.rel1.macos64_1.0.0.202411102158/tools/bin/../lib/gcc/arm-none-eabi/13.3.1/../../../../arm-none-eabi/lib/thumb/v7e-m+fp/hard/libc_nano.a(libc_a-lock.o)
 .ARM.attributes
                0x000008ff       0x34 /Applications/STM32CubeIDE.app/Contents/Eclipse/plugins/com.st.stm32cube.ide.mcu.externaltools.gnu-tools-for-stm32.13.3.rel1.macos64_1.0.0.202411102158/tools/bin/../lib/gcc/arm-none-eabi/13.3.1/../../../../arm-none-eabi/lib/thumb/v7e-m+fp/hard/libc_nano.a(libc_a-reent.o)
 .ARM.attributes
                0x00000933       0x34 /Applications/STM32CubeIDE.app/Contents/Eclipse/plugins/com.st.stm32cube.ide.mcu.externaltools.gnu-tools-for-stm32.13.3.rel1.macos64_1.0.0.202411102158/tools/bin/../lib/gcc/arm-none-eabi/13.3.1/../../../../arm-none-eabi/lib/thumb/v7e-m+fp/hard/libc_nano.a(libc_a-impure.o)
 .ARM.attributes
                0x00000967       0x34 /Applications/STM32CubeIDE.app/Contents/Eclipse/plugins/com.st.stm32cube.ide.mcu.externaltools.gnu-tools-for-stm32.13.3.rel1.macos64_1.0.0.202411102158/tools/bin/../lib/gcc/arm-none-eabi/13.3.1/../../../../arm-none-eabi/lib/thumb/v7e-m+fp/hard/libc_nano.a(libc_a-freer.o)
 .ARM.attributes
                0x0000099b       0x22 /Applications/STM32CubeIDE.app/Contents/Eclipse/plugins/com.st.stm32cube.ide.mcu.externaltools.gnu-tools-for-stm32.13.3.rel1.macos64_1.0.0.202411102158/tools/bin/../lib/gcc/arm-none-eabi/13.3.1/thumb/v7e-m+fp/hard/libgcc.a(_aeabi_uldivmod.o)
 .ARM.attributes
                0x000009bd       0x34 /Applications/STM32CubeIDE.app/Contents/Eclipse/plugins/com.st.stm32cube.ide.mcu.externaltools.gnu-tools-for-stm32.13.3.rel1.macos64_1.0.0.202411102158/tools/bin/../lib/gcc/arm-none-eabi/13.3.1/thumb/v7e-m+fp/hard/libgcc.a(_udivmoddi4.o)
 .ARM.attributes
                0x000009f1       0x22 /Applications/STM32CubeIDE.app/Contents/Eclipse/plugins/com.st.stm32cube.ide.mcu.externaltools.gnu-tools-for-stm32.13.3.rel1.macos64_1.0.0.202411102158/tools/bin/../lib/gcc/arm-none-eabi/13.3.1/thumb/v7e-m+fp/hard/libgcc.a(_dvmd_tls.o)
 .ARM.attributes
                0x00000a13       0x22 /Applications/STM32CubeIDE.app/Contents/Eclipse/plugins/com.st.stm32cube.ide.mcu.externaltools.gnu-tools-for-stm32.13.3.rel1.macos64_1.0.0.202411102158/tools/bin/../lib/gcc/arm-none-eabi/13.3.1/thumb/v7e-m+fp/hard/crtn.o
OUTPUT(pedal_v1.elf elf32-littlearm)
LOAD linker stubs
LOAD /Applications/STM32CubeIDE.app/Contents/Eclipse/plugins/com.st.stm32cube.ide.mcu.externaltools.gnu-tools-for-stm32.13.3.rel1.macos64_1.0.0.202411102158/tools/bin/../lib/gcc/arm-none-eabi/13.3.1/../../../../arm-none-eabi/lib/thumb/v7e-m+fp/hard/libc.a
LOAD /Applications/STM32CubeIDE.app/Contents/Eclipse/plugins/com.st.stm32cube.ide.mcu.externaltools.gnu-tools-for-stm32.13.3.rel1.macos64_1.0.0.202411102158/tools/bin/../lib/gcc/arm-none-eabi/13.3.1/../../../../arm-none-eabi/lib/thumb/v7e-m+fp/hard/libm.a
LOAD /Applications/STM32CubeIDE.app/Contents/Eclipse/plugins/com.st.stm32cube.ide.mcu.externaltools.gnu-tools-for-stm32.13.3.rel1.macos64_1.0.0.202411102158/tools/bin/../lib/gcc/arm-none-eabi/13.3.1/thumb/v7e-m+fp/hard/libgcc.a

.debug_info     0x00000000    0x1c53c
 .debug_info    0x00000000      0x4ad ./Core/Src/dma.o
 .debug_info    0x000004ad      0x459 ./Core/Src/gpio.o
 .debug_info    0x00000906      0x984 ./Core/Src/i2c.o
 .debug_info    0x0000128a      0xce2 ./Core/Src/i2s.o
 .debug_info    0x00001f6c      0xe00 ./Core/Src/main.o
 .debug_info    0x00002d6c      0x94d ./Core/Src/spi.o
 .debug_info    0x000036b9      0x27c ./Core/Src/stm32f4xx_hal_msp.o
 .debug_info    0x00003935      0xba4 ./Core/Src/stm32f4xx_it.o
 .debug_info    0x000044d9      0x168 ./Core/Src/sysmem.o
 .debug_info    0x00004641      0x512 ./Core/Src/system_stm32f4xx.o
 .debug_info    0x00004b53      0x939 ./Core/Src/usart.o
 .debug_info    0x0000548c       0x30 ./Core/Startup/startup_stm32f407vgtx.o
 .debug_info    0x000054bc     0x17e4 ./Drivers/BSP/STM32F4-Discovery/stm32f4_discovery_audio.o
 .debug_info    0x00006ca0      0x944 ./Drivers/STM32F4xx_HAL_Driver/Src/stm32f4xx_hal.o
 .debug_info    0x000075e4      0xd8c ./Drivers/STM32F4xx_HAL_Driver/Src/stm32f4xx_hal_cortex.o
 .debug_info    0x00008370      0x8e7 ./Drivers/STM32F4xx_HAL_Driver/Src/stm32f4xx_hal_dma.o
 .debug_info    0x00008c57      0x6c3 ./Drivers/STM32F4xx_HAL_Driver/Src/stm32f4xx_hal_gpio.o
 .debug_info    0x0000931a     0x114c ./Drivers/STM32F4xx_HAL_Driver/Src/stm32f4xx_hal_hcd.o
 .debug_info    0x0000a466     0x2415 ./Drivers/STM32F4xx_HAL_Driver/Src/stm32f4xx_hal_i2c.o
 .debug_info    0x0000c87b      0xdf8 ./Drivers/STM32F4xx_HAL_Driver/Src/stm32f4xx_hal_i2s.o
 .debug_info    0x0000d673      0xa9f ./Drivers/STM32F4xx_HAL_Driver/Src/stm32f4xx_hal_i2s_ex.o
 .debug_info    0x0000e112      0x8af ./Drivers/STM32F4xx_HAL_Driver/Src/stm32f4xx_hal_rcc.o
 .debug_info    0x0000e9c1      0x536 ./Drivers/STM32F4xx_HAL_Driver/Src/stm32f4xx_hal_rcc_ex.o
 .debug_info    0x0000eef7     0x1525 ./Drivers/STM32F4xx_HAL_Driver/Src/stm32f4xx_hal_spi.o
 .debug_info    0x0001041c     0x2f4f ./Drivers/STM32F4xx_HAL_Driver/Src/stm32f4xx_hal_uart.o
 .debug_info    0x0001336b     0x1993 ./Drivers/STM32F4xx_HAL_Driver/Src/stm32f4xx_ll_usb.o
 .debug_info    0x00014cfe     0x1470 ./Middlewares/ST/STM32_USB_Host_Library/Class/CDC/Src/usbh_cdc.o
 .debug_info    0x0001616e      0xfb2 ./Middlewares/ST/STM32_USB_Host_Library/Core/Src/usbh_core.o
 .debug_info    0x00017120      0xfa6 ./Middlewares/ST/STM32_USB_Host_Library/Core/Src/usbh_ctlreq.o
 .debug_info    0x000180c6      0xc2b ./Middlewares/ST/STM32_USB_Host_Library/Core/Src/usbh_ioreq.o
 .debug_info    0x00018cf1      0xa8e ./Middlewares/ST/STM32_USB_Host_Library/Core/Src/usbh_pipes.o
 .debug_info    0x0001977f      0xa10 ./USB_HOST/App/usb_host.o
 .debug_info    0x0001a18f     0x1ce6 ./USB_HOST/Target/usbh_conf.o
 .debug_info    0x0001be75      0x6c7 ./USB_HOST/Target/usbh_platform.o

.debug_abbrev   0x00000000     0x4b7e
 .debug_abbrev  0x00000000      0x10e ./Core/Src/dma.o
 .debug_abbrev  0x0000010e      0x152 ./Core/Src/gpio.o
 .debug_abbrev  0x00000260      0x1f1 ./Core/Src/i2c.o
 .debug_abbrev  0x00000451      0x223 ./Core/Src/i2s.o
 .debug_abbrev  0x00000674      0x31f ./Core/Src/main.o
 .debug_abbrev  0x00000993      0x1fa ./Core/Src/spi.o
 .debug_abbrev  0x00000b8d       0xf4 ./Core/Src/stm32f4xx_hal_msp.o
 .debug_abbrev  0x00000c81      0x1d5 ./Core/Src/stm32f4xx_it.o
 .debug_abbrev  0x00000e56       0xbc ./Core/Src/sysmem.o
 .debug_abbrev  0x00000f12      0x11a ./Core/Src/system_stm32f4xx.o
 .debug_abbrev  0x0000102c      0x1f9 ./Core/Src/usart.o
 .debug_abbrev  0x00001225       0x24 ./Core/Startup/startup_stm32f407vgtx.o
 .debug_abbrev  0x00001249      0x35c ./Drivers/BSP/STM32F4-Discovery/stm32f4_discovery_audio.o
 .debug_abbrev  0x000015a5      0x214 ./Drivers/STM32F4xx_HAL_Driver/Src/stm32f4xx_hal.o
 .debug_abbrev  0x000017b9      0x31d ./Drivers/STM32F4xx_HAL_Driver/Src/stm32f4xx_hal_cortex.o
 .debug_abbrev  0x00001ad6      0x264 ./Drivers/STM32F4xx_HAL_Driver/Src/stm32f4xx_hal_dma.o
 .debug_abbrev  0x00001d3a      0x1d4 ./Drivers/STM32F4xx_HAL_Driver/Src/stm32f4xx_hal_gpio.o
 .debug_abbrev  0x00001f0e      0x296 ./Drivers/STM32F4xx_HAL_Driver/Src/stm32f4xx_hal_hcd.o
 .debug_abbrev  0x000021a4      0x2ad ./Drivers/STM32F4xx_HAL_Driver/Src/stm32f4xx_hal_i2c.o
 .debug_abbrev  0x00002451      0x256 ./Drivers/STM32F4xx_HAL_Driver/Src/stm32f4xx_hal_i2s.o
 .debug_abbrev  0x000026a7      0x276 ./Drivers/STM32F4xx_HAL_Driver/Src/stm32f4xx_hal_i2s_ex.o
 .debug_abbrev  0x0000291d      0x2b7 ./Drivers/STM32F4xx_HAL_Driver/Src/stm32f4xx_hal_rcc.o
 .debug_abbrev  0x00002bd4      0x1b0 ./Drivers/STM32F4xx_HAL_Driver/Src/stm32f4xx_hal_rcc_ex.o
 .debug_abbrev  0x00002d84      0x27a ./Drivers/STM32F4xx_HAL_Driver/Src/stm32f4xx_hal_spi.o
 .debug_abbrev  0x00002ffe      0x30e ./Drivers/STM32F4xx_HAL_Driver/Src/stm32f4xx_hal_uart.o
 .debug_abbrev  0x0000330c      0x2b3 ./Drivers/STM32F4xx_HAL_Driver/Src/stm32f4xx_ll_usb.o
 .debug_abbrev  0x000035bf      0x33c ./Middlewares/ST/STM32_USB_Host_Library/Class/CDC/Src/usbh_cdc.o
 .debug_abbrev  0x000038fb      0x32a ./Middlewares/ST/STM32_USB_Host_Library/Core/Src/usbh_core.o
 .debug_abbrev  0x00003c25      0x2ff ./Middlewares/ST/STM32_USB_Host_Library/Core/Src/usbh_ctlreq.o
 .debug_abbrev  0x00003f24      0x245 ./Middlewares/ST/STM32_USB_Host_Library/Core/Src/usbh_ioreq.o
 .debug_abbrev  0x00004169      0x281 ./Middlewares/ST/STM32_USB_Host_Library/Core/Src/usbh_pipes.o
 .debug_abbrev  0x000043ea      0x26e ./USB_HOST/App/usb_host.o
 .debug_abbrev  0x00004658      0x3c2 ./USB_HOST/Target/usbh_conf.o
 .debug_abbrev  0x00004a1a      0x164 ./USB_HOST/Target/usbh_platform.o

.debug_aranges  0x00000000     0x15f0
 .debug_aranges
                0x00000000       0x20 ./Core/Src/dma.o
 .debug_aranges
                0x00000020       0x20 ./Core/Src/gpio.o
 .debug_aranges
                0x00000040       0x30 ./Core/Src/i2c.o
 .debug_aranges
                0x00000070       0x30 ./Core/Src/i2s.o
 .debug_aranges
                0x000000a0       0x50 ./Core/Src/main.o
 .debug_aranges
                0x000000f0       0x30 ./Core/Src/spi.o
 .debug_aranges
                0x00000120       0x20 ./Core/Src/stm32f4xx_hal_msp.o
 .debug_aranges
                0x00000140       0x80 ./Core/Src/stm32f4xx_it.o
 .debug_aranges
                0x000001c0       0x20 ./Core/Src/sysmem.o
 .debug_aranges
                0x000001e0       0x28 ./Core/Src/system_stm32f4xx.o
 .debug_aranges
                0x00000208       0x30 ./Core/Src/usart.o
 .debug_aranges
                0x00000238       0x28 ./Core/Startup/startup_stm32f407vgtx.o
 .debug_aranges
                0x00000260      0x130 ./Drivers/BSP/STM32F4-Discovery/stm32f4_discovery_audio.o
 .debug_aranges
                0x00000390       0xf0 ./Drivers/STM32F4xx_HAL_Driver/Src/stm32f4xx_hal.o
 .debug_aranges
                0x00000480      0x130 ./Drivers/STM32F4xx_HAL_Driver/Src/stm32f4xx_hal_cortex.o
 .debug_aranges
                0x000005b0       0x90 ./Drivers/STM32F4xx_HAL_Driver/Src/stm32f4xx_hal_dma.o
 .debug_aranges
                0x00000640       0x58 ./Drivers/STM32F4xx_HAL_Driver/Src/stm32f4xx_hal_gpio.o
 .debug_aranges
                0x00000698      0x108 ./Drivers/STM32F4xx_HAL_Driver/Src/stm32f4xx_hal_hcd.o
 .debug_aranges
                0x000007a0      0x2a8 ./Drivers/STM32F4xx_HAL_Driver/Src/stm32f4xx_hal_i2c.o
 .debug_aranges
                0x00000a48      0x108 ./Drivers/STM32F4xx_HAL_Driver/Src/stm32f4xx_hal_i2s.o
 .debug_aranges
                0x00000b50       0x88 ./Drivers/STM32F4xx_HAL_Driver/Src/stm32f4xx_hal_i2s_ex.o
 .debug_aranges
                0x00000bd8       0x88 ./Drivers/STM32F4xx_HAL_Driver/Src/stm32f4xx_hal_rcc.o
 .debug_aranges
                0x00000c60       0x48 ./Drivers/STM32F4xx_HAL_Driver/Src/stm32f4xx_hal_rcc_ex.o
 .debug_aranges
                0x00000ca8      0x1d0 ./Drivers/STM32F4xx_HAL_Driver/Src/stm32f4xx_hal_spi.o
 .debug_aranges
                0x00000e78      0x208 ./Drivers/STM32F4xx_HAL_Driver/Src/stm32f4xx_hal_uart.o
 .debug_aranges
                0x00001080      0x1a0 ./Drivers/STM32F4xx_HAL_Driver/Src/stm32f4xx_ll_usb.o
 .debug_aranges
                0x00001220       0xa8 ./Middlewares/ST/STM32_USB_Host_Library/Class/CDC/Src/usbh_cdc.o
 .debug_aranges
                0x000012c8       0xc0 ./Middlewares/ST/STM32_USB_Host_Library/Core/Src/usbh_core.o
 .debug_aranges
                0x00001388       0xa0 ./Middlewares/ST/STM32_USB_Host_Library/Core/Src/usbh_ctlreq.o
 .debug_aranges
                0x00001428       0x60 ./Middlewares/ST/STM32_USB_Host_Library/Core/Src/usbh_ioreq.o
 .debug_aranges
                0x00001488       0x40 ./Middlewares/ST/STM32_USB_Host_Library/Core/Src/usbh_pipes.o
 .debug_aranges
                0x000014c8       0x30 ./USB_HOST/App/usb_host.o
 .debug_aranges
                0x000014f8       0xd8 ./USB_HOST/Target/usbh_conf.o
 .debug_aranges
                0x000015d0       0x20 ./USB_HOST/Target/usbh_platform.o

.debug_rnglists
                0x00000000     0x10c3
 .debug_rnglists
                0x00000000       0x13 ./Core/Src/dma.o
 .debug_rnglists
                0x00000013       0x14 ./Core/Src/gpio.o
 .debug_rnglists
                0x00000027       0x20 ./Core/Src/i2c.o
 .debug_rnglists
                0x00000047       0x20 ./Core/Src/i2s.o
 .debug_rnglists
                0x00000067       0x39 ./Core/Src/main.o
 .debug_rnglists
                0x000000a0       0x20 ./Core/Src/spi.o
 .debug_rnglists
                0x000000c0       0x13 ./Core/Src/stm32f4xx_hal_msp.o
 .debug_rnglists
                0x000000d3       0x5b ./Core/Src/stm32f4xx_it.o
 .debug_rnglists
                0x0000012e       0x13 ./Core/Src/sysmem.o
 .debug_rnglists
                0x00000141       0x1a ./Core/Src/system_stm32f4xx.o
 .debug_rnglists
                0x0000015b       0x20 ./Core/Src/usart.o
 .debug_rnglists
                0x0000017b       0x19 ./Core/Startup/startup_stm32f407vgtx.o
 .debug_rnglists
                0x00000194       0xe6 ./Drivers/BSP/STM32F4-Discovery/stm32f4_discovery_audio.o
 .debug_rnglists
                0x0000027a       0xaf ./Drivers/STM32F4xx_HAL_Driver/Src/stm32f4xx_hal.o
 .debug_rnglists
                0x00000329       0xe0 ./Drivers/STM32F4xx_HAL_Driver/Src/stm32f4xx_hal_cortex.o
 .debug_rnglists
                0x00000409       0x70 ./Drivers/STM32F4xx_HAL_Driver/Src/stm32f4xx_hal_dma.o
 .debug_rnglists
                0x00000479       0x3f ./Drivers/STM32F4xx_HAL_Driver/Src/stm32f4xx_hal_gpio.o
 .debug_rnglists
                0x000004b8       0xca ./Drivers/STM32F4xx_HAL_Driver/Src/stm32f4xx_hal_hcd.o
 .debug_rnglists
                0x00000582      0x23c ./Drivers/STM32F4xx_HAL_Driver/Src/stm32f4xx_hal_i2c.o
 .debug_rnglists
                0x000007be       0xcc ./Drivers/STM32F4xx_HAL_Driver/Src/stm32f4xx_hal_i2s.o
 .debug_rnglists
                0x0000088a       0x6a ./Drivers/STM32F4xx_HAL_Driver/Src/stm32f4xx_hal_i2s_ex.o
 .debug_rnglists
                0x000008f4       0x66 ./Drivers/STM32F4xx_HAL_Driver/Src/stm32f4xx_hal_rcc.o
 .debug_rnglists
                0x0000095a       0x35 ./Drivers/STM32F4xx_HAL_Driver/Src/stm32f4xx_hal_rcc_ex.o
 .debug_rnglists
                0x0000098f      0x16f ./Drivers/STM32F4xx_HAL_Driver/Src/stm32f4xx_hal_spi.o
 .debug_rnglists
                0x00000afe      0x1bc ./Drivers/STM32F4xx_HAL_Driver/Src/stm32f4xx_hal_uart.o
 .debug_rnglists
                0x00000cba      0x147 ./Drivers/STM32F4xx_HAL_Driver/Src/stm32f4xx_ll_usb.o
 .debug_rnglists
                0x00000e01       0x7e ./Middlewares/ST/STM32_USB_Host_Library/Class/CDC/Src/usbh_cdc.o
 .debug_rnglists
                0x00000e7f       0x8f ./Middlewares/ST/STM32_USB_Host_Library/Core/Src/usbh_core.o
 .debug_rnglists
                0x00000f0e       0x77 ./Middlewares/ST/STM32_USB_Host_Library/Core/Src/usbh_ctlreq.o
 .debug_rnglists
                0x00000f85       0x43 ./Middlewares/ST/STM32_USB_Host_Library/Core/Src/usbh_ioreq.o
 .debug_rnglists
                0x00000fc8       0x2b ./Middlewares/ST/STM32_USB_Host_Library/Core/Src/usbh_pipes.o
 .debug_rnglists
                0x00000ff3       0x1f ./USB_HOST/App/usb_host.o
 .debug_rnglists
                0x00001012       0x9e ./USB_HOST/Target/usbh_conf.o
 .debug_rnglists
                0x000010b0       0x13 ./USB_HOST/Target/usbh_platform.o

.debug_macro    0x00000000    0x25b67
 .debug_macro   0x00000000      0x229 ./Core/Src/dma.o
 .debug_macro   0x00000229      0xad8 ./Core/Src/dma.o
 .debug_macro   0x00000d01      0x2ad ./Core/Src/dma.o
 .debug_macro   0x00000fae       0x2e ./Core/Src/dma.o
 .debug_macro   0x00000fdc       0x2f ./Core/Src/dma.o
 .debug_macro   0x0000100b       0x22 ./Core/Src/dma.o
 .debug_macro   0x0000102d       0x8e ./Core/Src/dma.o
 .debug_macro   0x000010bb       0x51 ./Core/Src/dma.o
 .debug_macro   0x0000110c      0x103 ./Core/Src/dma.o
 .debug_macro   0x0000120f       0x6a ./Core/Src/dma.o
 .debug_macro   0x00001279      0x1df ./Core/Src/dma.o
 .debug_macro   0x00001458       0x1c ./Core/Src/dma.o
 .debug_macro   0x00001474       0x22 ./Core/Src/dma.o
 .debug_macro   0x00001496       0xfb ./Core/Src/dma.o
 .debug_macro   0x00001591     0x1011 ./Core/Src/dma.o
 .debug_macro   0x000025a2      0x11f ./Core/Src/dma.o
 .debug_macro   0x000026c1    0x15e97 ./Core/Src/dma.o
 .debug_macro   0x00018558       0x6d ./Core/Src/dma.o
 .debug_macro   0x000185c5     0x369a ./Core/Src/dma.o
 .debug_macro   0x0001bc5f      0x190 ./Core/Src/dma.o
 .debug_macro   0x0001bdef       0x5c ./Core/Src/dma.o
 .debug_macro   0x0001be4b      0x980 ./Core/Src/dma.o
 .debug_macro   0x0001c7cb      0x9e9 ./Core/Src/dma.o
 .debug_macro   0x0001d1b4      0x115 ./Core/Src/dma.o
 .debug_macro   0x0001d2c9      0x13e ./Core/Src/dma.o
 .debug_macro   0x0001d407       0xa5 ./Core/Src/dma.o
 .debug_macro   0x0001d4ac      0x174 ./Core/Src/dma.o
 .debug_macro   0x0001d620      0x287 ./Core/Src/dma.o
 .debug_macro   0x0001d8a7       0x5f ./Core/Src/dma.o
 .debug_macro   0x0001d906      0x236 ./Core/Src/dma.o
 .debug_macro   0x0001db3c      0x12c ./Core/Src/dma.o
 .debug_macro   0x0001dc68      0x21e ./Core/Src/dma.o
 .debug_macro   0x0001de86       0x2e ./Core/Src/dma.o
 .debug_macro   0x0001deb4      0x1b5 ./Core/Src/dma.o
 .debug_macro   0x0001e069       0xd6 ./Core/Src/dma.o
 .debug_macro   0x0001e13f      0x1a7 ./Core/Src/dma.o
 .debug_macro   0x0001e2e6       0x46 ./Core/Src/dma.o
 .debug_macro   0x0001e32c       0x4a ./Core/Src/dma.o
 .debug_macro   0x0001e376      0x127 ./Core/Src/dma.o
 .debug_macro   0x0001e49d       0x7e ./Core/Src/dma.o
 .debug_macro   0x0001e51b       0x89 ./Core/Src/dma.o
 .debug_macro   0x0001e5a4      0x225 ./Core/Src/dma.o
 .debug_macro   0x0001e7c9      0x2aa ./Core/Src/dma.o
 .debug_macro   0x0001ea73      0x293 ./Core/Src/dma.o
 .debug_macro   0x0001ed06       0x98 ./Core/Src/dma.o
 .debug_macro   0x0001ed9e      0x12d ./Core/Src/dma.o
 .debug_macro   0x0001eecb      0x178 ./Core/Src/dma.o
 .debug_macro   0x0001f043      0x229 ./Core/Src/gpio.o
 .debug_macro   0x0001f26c      0x229 ./Core/Src/i2c.o
 .debug_macro   0x0001f495      0x229 ./Core/Src/i2s.o
 .debug_macro   0x0001f6be      0x378 ./Core/Src/main.o
 .debug_macro   0x0001fa36       0x16 ./Core/Src/main.o
 .debug_macro   0x0001fa4c      0x181 ./Core/Src/main.o
 .debug_macro   0x0001fbcd       0x61 ./Core/Src/main.o
 .debug_macro   0x0001fc2e       0x2a ./Core/Src/main.o
 .debug_macro   0x0001fc58       0x43 ./Core/Src/main.o
 .debug_macro   0x0001fc9b       0x34 ./Core/Src/main.o
 .debug_macro   0x0001fccf       0x16 ./Core/Src/main.o
 .debug_macro   0x0001fce5       0x3c ./Core/Src/main.o
 .debug_macro   0x0001fd21      0x370 ./Core/Src/main.o
 .debug_macro   0x00020091       0x10 ./Core/Src/main.o
 .debug_macro   0x000200a1       0x16 ./Core/Src/main.o
 .debug_macro   0x000200b7       0x4a ./Core/Src/main.o
 .debug_macro   0x00020101       0x34 ./Core/Src/main.o
 .debug_macro   0x00020135       0x10 ./Core/Src/main.o
 .debug_macro   0x00020145       0x58 ./Core/Src/main.o
 .debug_macro   0x0002019d       0x8e ./Core/Src/main.o
 .debug_macro   0x0002022b       0x1c ./Core/Src/main.o
 .debug_macro   0x00020247      0x185 ./Core/Src/main.o
 .debug_macro   0x000203cc       0x16 ./Core/Src/main.o
 .debug_macro   0x000203e2       0x16 ./Core/Src/main.o
 .debug_macro   0x000203f8      0x146 ./Core/Src/main.o
 .debug_macro   0x0002053e      0x19b ./Core/Src/main.o
 .debug_macro   0x000206d9      0x229 ./Core/Src/spi.o
 .debug_macro   0x00020902      0x21f ./Core/Src/stm32f4xx_hal_msp.o
 .debug_macro   0x00020b21      0x301 ./Core/Src/stm32f4xx_it.o
 .debug_macro   0x00020e22      0x112 ./Core/Src/sysmem.o
 .debug_macro   0x00020f34      0x23c ./Core/Src/sysmem.o
 .debug_macro   0x00021170      0x210 ./Core/Src/system_stm32f4xx.o
 .debug_macro   0x00021380      0x229 ./Core/Src/usart.o
 .debug_macro   0x000215a9      0x255 ./Drivers/BSP/STM32F4-Discovery/stm32f4_discovery_audio.o
 .debug_macro   0x000217fe       0x82 ./Drivers/BSP/STM32F4-Discovery/stm32f4_discovery_audio.o
 .debug_macro   0x00021880      0x167 ./Drivers/BSP/STM32F4-Discovery/stm32f4_discovery_audio.o
 .debug_macro   0x000219e7      0x270 ./Drivers/STM32F4xx_HAL_Driver/Src/stm32f4xx_hal.o
 .debug_macro   0x00021c57      0x210 ./Drivers/STM32F4xx_HAL_Driver/Src/stm32f4xx_hal_cortex.o
 .debug_macro   0x00021e67      0x216 ./Drivers/STM32F4xx_HAL_Driver/Src/stm32f4xx_hal_dma.o
 .debug_macro   0x0002207d      0x216 ./Drivers/STM32F4xx_HAL_Driver/Src/stm32f4xx_hal_gpio.o
 .debug_macro   0x00022293      0x210 ./Drivers/STM32F4xx_HAL_Driver/Src/stm32f4xx_hal_hcd.o
 .debug_macro   0x000224a3      0x25e ./Drivers/STM32F4xx_HAL_Driver/Src/stm32f4xx_hal_i2c.o
 .debug_macro   0x00022701      0x218 ./Drivers/STM32F4xx_HAL_Driver/Src/stm32f4xx_hal_i2s.o
 .debug_macro   0x00022919      0x210 ./Drivers/STM32F4xx_HAL_Driver/Src/stm32f4xx_hal_i2s_ex.o
 .debug_macro   0x00022b29      0x234 ./Drivers/STM32F4xx_HAL_Driver/Src/stm32f4xx_hal_rcc.o
 .debug_macro   0x00022d5d      0x210 ./Drivers/STM32F4xx_HAL_Driver/Src/stm32f4xx_hal_rcc_ex.o
 .debug_macro   0x00022f6d      0x21f ./Drivers/STM32F4xx_HAL_Driver/Src/stm32f4xx_hal_spi.o
 .debug_macro   0x0002318c      0x211 ./Drivers/STM32F4xx_HAL_Driver/Src/stm32f4xx_hal_uart.o
 .debug_macro   0x0002339d      0x210 ./Drivers/STM32F4xx_HAL_Driver/Src/stm32f4xx_ll_usb.o