../Drivers/CMSIS/Include/core_cm4.h:2064:26:ITM_SendChar	16	static,ignoring_inline_asm
../Core/Src/main.c:81:6:printADCData	16	static
../Core/Src/main.c:87:6:printDACData	16	static
../Core/Src/main.c:93:6:processData	16	static
../Core/Src/main.c:123:6:HAL_I2S_TxHalfCpltCallback	16	static
../Core/Src/main.c:132:6:HAL_I2S_TxCpltCallback	16	static
../Core/Src/main.c:147:5:main	8	static
../Core/Src/main.c:214:6:SystemClock_Config	88	static
../Core/Src/main.c:256:5:_write	32	static
../Core/Src/main.c:273:6:Error_Handler	4	static,ignoring_inline_asm
