../Drivers/CMSIS/Include/core_cm4.h:2064:26:ITM_SendChar	16	static,ignoring_inline_asm
../Core/Src/main.c:81:6:printADCData	16	static
../Core/Src/main.c:87:6:printDACData	16	static
../Core/Src/main.c:93:6:processData	16	static
../Core/Src/main.c:141:6:HAL_I2S_TxHalfCpltCallback	16	static
../Core/Src/main.c:150:6:HAL_I2S_TxCpltCallback	16	static
../Core/Src/main.c:158:6:HAL_ADC_ConvHalfCpltCallback	16	static
../Core/Src/main.c:164:6:HAL_ADC_ConvCpltCallback	16	static
../Core/Src/main.c:177:5:main	8	static
../Core/Src/main.c:235:6:SystemClock_Config	88	static
../Core/Src/main.c:277:5:_write	32	static
../Core/Src/main.c:294:6:Error_Handler	4	static,ignoring_inline_asm
