../Drivers/BSP/STM32F4-Discovery/stm32f4_discovery_audio.c:197:9:BSP_AUDIO_OUT_Init	32	static
../Drivers/BSP/STM32F4-Discovery/stm32f4_discovery_audio.c:249:9:BSP_AUDIO_OUT_Play	16	static
../Drivers/BSP/STM32F4-Discovery/stm32f4_discovery_audio.c:271:6:BSP_AUDIO_OUT_ChangeBuffer	16	static
../Drivers/BSP/STM32F4-Discovery/stm32f4_discovery_audio.c:284:9:BSP_AUDIO_OUT_Pause	8	static
../Drivers/BSP/STM32F4-Discovery/stm32f4_discovery_audio.c:308:9:BSP_AUDIO_OUT_Resume	8	static
../Drivers/BSP/STM32F4-Discovery/stm32f4_discovery_audio.c:332:9:BSP_AUDIO_OUT_Stop	16	static
../Drivers/BSP/STM32F4-Discovery/stm32f4_discovery_audio.c:364:9:BSP_AUDIO_OUT_SetVolume	16	static
../Drivers/BSP/STM32F4-Discovery/stm32f4_discovery_audio.c:384:9:BSP_AUDIO_OUT_SetMute	16	static
../Drivers/BSP/STM32F4-Discovery/stm32f4_discovery_audio.c:406:9:BSP_AUDIO_OUT_SetOutputMode	16	static
../Drivers/BSP/STM32F4-Discovery/stm32f4_discovery_audio.c:426:6:BSP_AUDIO_OUT_SetFrequency	16	static
../Drivers/BSP/STM32F4-Discovery/stm32f4_discovery_audio.c:439:6:HAL_I2S_TxCpltCallback	16	static
../Drivers/BSP/STM32F4-Discovery/stm32f4_discovery_audio.c:452:6:HAL_I2S_TxHalfCpltCallback	16	static
../Drivers/BSP/STM32F4-Discovery/stm32f4_discovery_audio.c:470:13:BSP_AUDIO_OUT_ClockConfig	48	static
../Drivers/BSP/STM32F4-Discovery/stm32f4_discovery_audio.c:512:13:BSP_AUDIO_OUT_MspInit	56	static
../Drivers/BSP/STM32F4-Discovery/stm32f4_discovery_audio.c:582:13:BSP_AUDIO_OUT_MspDeInit	40	static
../Drivers/BSP/STM32F4-Discovery/stm32f4_discovery_audio.c:620:13:BSP_AUDIO_OUT_TransferComplete_CallBack	4	static
../Drivers/BSP/STM32F4-Discovery/stm32f4_discovery_audio.c:627:13:BSP_AUDIO_OUT_HalfTransfer_CallBack	4	static
../Drivers/BSP/STM32F4-Discovery/stm32f4_discovery_audio.c:634:13:BSP_AUDIO_OUT_Error_CallBack	4	static
../Drivers/BSP/STM32F4-Discovery/stm32f4_discovery_audio.c:646:16:I2S3_Init	16	static
../Drivers/BSP/STM32F4-Discovery/stm32f4_discovery_audio.c:688:9:BSP_AUDIO_IN_Init	24	static
../Drivers/BSP/STM32F4-Discovery/stm32f4_discovery_audio.c:720:9:BSP_AUDIO_IN_Record	24	static
../Drivers/BSP/STM32F4-Discovery/stm32f4_discovery_audio.c:737:9:BSP_AUDIO_IN_Stop	16	static
../Drivers/BSP/STM32F4-Discovery/stm32f4_discovery_audio.c:754:9:BSP_AUDIO_IN_Pause	8	static
../Drivers/BSP/STM32F4-Discovery/stm32f4_discovery_audio.c:767:9:BSP_AUDIO_IN_Resume	8	static
../Drivers/BSP/STM32F4-Discovery/stm32f4_discovery_audio.c:782:9:BSP_AUDIO_IN_SetVolume	16	static
../Drivers/BSP/STM32F4-Discovery/stm32f4_discovery_audio.c:797:9:BSP_AUDIO_IN_PDMToPCM	152	static
../Drivers/BSP/STM32F4-Discovery/stm32f4_discovery_audio.c:827:6:HAL_I2S_RxCpltCallback	16	static
../Drivers/BSP/STM32F4-Discovery/stm32f4_discovery_audio.c:837:6:HAL_I2S_RxHalfCpltCallback	16	static
../Drivers/BSP/STM32F4-Discovery/stm32f4_discovery_audio.c:852:13:BSP_AUDIO_IN_ClockConfig	40	static
../Drivers/BSP/STM32F4-Discovery/stm32f4_discovery_audio.c:886:13:BSP_AUDIO_IN_MspInit	56	static
../Drivers/BSP/STM32F4-Discovery/stm32f4_discovery_audio.c:952:13:BSP_AUDIO_IN_MspDeInit	40	static
../Drivers/BSP/STM32F4-Discovery/stm32f4_discovery_audio.c:984:13:BSP_AUDIO_IN_TransferComplete_CallBack	4	static
../Drivers/BSP/STM32F4-Discovery/stm32f4_discovery_audio.c:994:13:BSP_AUDIO_IN_HalfTransfer_CallBack	4	static
../Drivers/BSP/STM32F4-Discovery/stm32f4_discovery_audio.c:1004:13:BSP_AUDIO_IN_Error_Callback	4	static
../Drivers/BSP/STM32F4-Discovery/stm32f4_discovery_audio.c:1021:13:PDMDecoder_Init	32	static
../Drivers/BSP/STM32F4-Discovery/stm32f4_discovery_audio.c:1053:16:I2S2_Init	16	static
../Drivers/BSP/STM32F4-Discovery/stm32f4_discovery_audio.c:1093:6:HAL_I2S_ErrorCallback	16	static
